../Core/Src/main.c:892:13:MX_USART2_UART_Init	8	static,ignoring_inline_asm
../Core/Src/main.c:925:13:MX_GPIO_Init	64	static
../Core/Src/main.c:671:13:MX_I2C1_Init	8	static,ignoring_inline_asm
../Core/Src/main.c:577:13:MX_ADC1_Init	32	static,ignoring_inline_asm
../Core/Src/main.c:624:13:MX_ADC2_Init	32	static,ignoring_inline_asm
../Core/Src/main.c:164:13:timeOut.constprop	16	static
../Core/Src/main.c:151:6:delay_ms	16	static
../Core/Src/main.c:156:6:buzzer	16	static
../Core/Src/main.c:181:19:LOG	16	static
../Core/Src/main.c:191:7:Read_Voltage	8	static
../Core/Src/main.c:198:7:Read_Resistance	8	static
../Core/Src/main.c:208:6:UI_Handle	0	static
../Core/Src/main.c:528:6:SystemClock_Config	88	static,ignoring_inline_asm
../Core/Src/main.c:222:5:main	88	static,ignoring_inline_asm
../Core/Src/main.c:1006:6:HAL_UARTEx_RxEventCallback	0	static
../Core/Src/main.c:1013:6:USB_CDC_RxHandler	0	static
../Core/Src/main.c:1019:6:HAL_RTC_AlarmAEventCallback	0	static
../Core/Src/main.c:1027:6:HAL_GPIO_EXTI_Callback	0	static
../Core/Src/main.c:1044:6:Error_Handler	0	static,ignoring_inline_asm
