../Core/Src/stm32f1xx_hal_msp.c:63:6:HAL_MspInit	16	static
../Core/Src/stm32f1xx_hal_msp.c:95:6:HAL_ADC_MspInit	48	static
../Core/Src/stm32f1xx_hal_msp.c:147:6:HAL_ADC_MspDeInit	0	static
../Core/Src/stm32f1xx_hal_msp.c:192:6:HAL_I2C_MspInit	32	static
../Core/Src/stm32f1xx_hal_msp.c:227:6:HAL_I2C_MspDeInit	8	static
../Core/Src/stm32f1xx_hal_msp.c:258:6:HAL_RTC_MspInit	16	static
../Core/Src/stm32f1xx_hal_msp.c:289:6:HAL_RTC_MspDeInit	8	static
../Core/Src/stm32f1xx_hal_msp.c:315:6:HAL_SPI_MspInit	32	static
../Core/Src/stm32f1xx_hal_msp.c:350:6:HAL_SPI_MspDeInit	0	static
../Core/Src/stm32f1xx_hal_msp.c:379:6:HAL_TIM_Base_MspInit	8	static
../Core/Src/stm32f1xx_hal_msp.c:402:6:HAL_TIM_Base_MspDeInit	0	static
../Core/Src/stm32f1xx_hal_msp.c:424:6:HAL_UART_MspInit	40	static
../Core/Src/stm32f1xx_hal_msp.c:496:6:HAL_UART_MspDeInit	8	static
