../Core/Src/lcd_16XX.c:48:6:Init	16	static
../Core/Src/lcd_16XX.c:103:6:lcd_clear	8	static
../Core/Src/lcd_16XX.c:109:6:Home	8	static
../Core/Src/lcd_16XX.c:115:6:lcd_SetCursor	40	static
../Core/Src/lcd_16XX.c:125:6:NoDisplay	8	static
../Core/Src/lcd_16XX.c:131:6:Display	8	static
../Core/Src/lcd_16XX.c:137:6:NoCursor	8	static
../Core/Src/lcd_16XX.c:143:6:Cursor	8	static
../Core/Src/lcd_16XX.c:149:6:NoBlink	8	static
../Core/Src/lcd_16XX.c:155:6:Blink	8	static
../Core/Src/lcd_16XX.c:161:6:ScrollDisplayLeft	8	static
../Core/Src/lcd_16XX.c:166:6:ScrollDisplayRight	8	static
../Core/Src/lcd_16XX.c:171:6:LeftToRight	8	static
../Core/Src/lcd_16XX.c:177:6:RightToLeft	8	static
../Core/Src/lcd_16XX.c:183:6:AutoScroll	8	static
../Core/Src/lcd_16XX.c:189:6:NoAutoScroll	8	static
../Core/Src/lcd_16XX.c:195:6:CreateSpecialChar	24	static
../Core/Src/lcd_16XX.c:205:6:PrintSpecialChar	16	static
../Core/Src/lcd_16XX.c:210:6:LoadCustomCharacter	16	static
../Core/Src/lcd_16XX.c:215:6:lcd_print	16	static
../Core/Src/lcd_16XX.c:220:6:SetBacklight	16	static
../Core/Src/lcd_16XX.c:226:6:NoBacklight	8	static
../Core/Src/lcd_16XX.c:232:6:Backlight	8	static
../Core/Src/lcd_16XX.c:238:13:SendCommand	16	static
../Core/Src/lcd_16XX.c:243:13:SendChar	16	static
../Core/Src/lcd_16XX.c:248:13:Send	24	static
../Core/Src/lcd_16XX.c:256:13:Write4Bits	16	static
../Core/Src/lcd_16XX.c:262:13:ExpanderWrite	32	static
../Core/Src/lcd_16XX.c:268:13:PulseEnable	16	static
../Core/Src/lcd_16XX.c:277:13:DelayInit	4	static,ignoring_inline_asm
../Core/Src/lcd_16XX.c:293:13:DelayUS	32	static
