../Core/Src/liquidcrystal_i2c.c:45:6:Init	16	static
../Core/Src/liquidcrystal_i2c.c:100:6:lcd_clear	8	static
../Core/Src/liquidcrystal_i2c.c:106:6:Home	8	static
../Core/Src/liquidcrystal_i2c.c:112:6:lcd_SetCursor	40	static
../Core/Src/liquidcrystal_i2c.c:122:6:NoDisplay	8	static
../Core/Src/liquidcrystal_i2c.c:128:6:Display	8	static
../Core/Src/liquidcrystal_i2c.c:134:6:NoCursor	8	static
../Core/Src/liquidcrystal_i2c.c:140:6:Cursor	8	static
../Core/Src/liquidcrystal_i2c.c:146:6:NoBlink	8	static
../Core/Src/liquidcrystal_i2c.c:152:6:Blink	8	static
../Core/Src/liquidcrystal_i2c.c:158:6:ScrollDisplayLeft	8	static
../Core/Src/liquidcrystal_i2c.c:163:6:ScrollDisplayRight	8	static
../Core/Src/liquidcrystal_i2c.c:168:6:LeftToRight	8	static
../Core/Src/liquidcrystal_i2c.c:174:6:RightToLeft	8	static
../Core/Src/liquidcrystal_i2c.c:180:6:AutoScroll	8	static
../Core/Src/liquidcrystal_i2c.c:186:6:NoAutoScroll	8	static
../Core/Src/liquidcrystal_i2c.c:192:6:CreateSpecialChar	24	static
../Core/Src/liquidcrystal_i2c.c:202:6:PrintSpecialChar	16	static
../Core/Src/liquidcrystal_i2c.c:207:6:LoadCustomCharacter	16	static
../Core/Src/liquidcrystal_i2c.c:212:6:lcd_print	16	static
../Core/Src/liquidcrystal_i2c.c:217:6:SetBacklight	16	static
../Core/Src/liquidcrystal_i2c.c:223:6:NoBacklight	8	static
../Core/Src/liquidcrystal_i2c.c:229:6:Backlight	8	static
../Core/Src/liquidcrystal_i2c.c:235:13:SendCommand	16	static
../Core/Src/liquidcrystal_i2c.c:240:13:SendChar	16	static
../Core/Src/liquidcrystal_i2c.c:245:13:Send	24	static
../Core/Src/liquidcrystal_i2c.c:253:13:Write4Bits	16	static
../Core/Src/liquidcrystal_i2c.c:259:13:ExpanderWrite	32	static
../Core/Src/liquidcrystal_i2c.c:265:13:PulseEnable	16	static
../Core/Src/liquidcrystal_i2c.c:274:13:DelayInit	4	static,ignoring_inline_asm
../Core/Src/liquidcrystal_i2c.c:290:13:DelayUS	32	static
