../Core/Src/main.c:151:6:delay_ms	24	static
../Core/Src/main.c:156:6:buzzer	24	static
../Core/Src/main.c:164:13:timeOut	16	static
../Core/Src/main.c:181:19:LOG	16	static
../Core/Src/main.c:191:7:Read_Voltage	16	static
../Core/Src/main.c:198:7:Read_Resistance	16	static
../Core/Src/main.c:208:6:UI_Handle	16	static
../Core/Src/main.c:222:5:main	40	static
../Core/Src/main.c:528:6:SystemClock_Config	88	static
../Core/Src/main.c:577:13:MX_ADC1_Init	24	static
../Core/Src/main.c:624:13:MX_ADC2_Init	24	static
../Core/Src/main.c:671:13:MX_I2C1_Init	8	static
../Core/Src/main.c:705:13:MX_RTC_Init	24	static
../Core/Src/main.c:775:13:MX_SPI2_Init	8	static
../Core/Src/main.c:813:13:MX_TIM1_Init	32	static
../Core/Src/main.c:859:13:MX_USART1_UART_Init	8	static
../Core/Src/main.c:892:13:MX_USART2_UART_Init	8	static
../Core/Src/main.c:925:13:MX_GPIO_Init	40	static
../Core/Src/main.c:1006:6:HAL_UARTEx_RxEventCallback	16	static
../Core/Src/main.c:1013:6:USB_CDC_RxHandler	16	static
../Core/Src/main.c:1019:6:HAL_RTC_AlarmAEventCallback	16	static
../Core/Src/main.c:1027:6:HAL_GPIO_EXTI_Callback	16	static
../Core/Src/main.c:1044:6:Error_Handler	4	static,ignoring_inline_asm
