../Core/Src/main.c:151:6:delay_ms	2
../Core/Src/main.c:156:6:buzzer	2
../Core/Src/main.c:164:13:timeOut	3
../Core/Src/main.c:181:19:LOG	1
../Core/Src/main.c:191:7:Read_Voltage	1
../Core/Src/main.c:198:7:Read_Resistance	1
../Core/Src/main.c:208:6:UI_Handle	3
../Core/Src/main.c:222:5:main	36
../Core/Src/main.c:528:6:SystemClock_Config	4
../Core/Src/main.c:577:13:MX_ADC1_Init	3
../Core/Src/main.c:624:13:MX_ADC2_Init	3
../Core/Src/main.c:671:13:MX_I2C1_Init	2
../Core/Src/main.c:705:13:MX_RTC_Init	5
../Core/Src/main.c:775:13:MX_SPI2_Init	2
../Core/Src/main.c:813:13:MX_TIM1_Init	4
../Core/Src/main.c:859:13:MX_USART1_UART_Init	2
../Core/Src/main.c:892:13:MX_USART2_UART_Init	2
../Core/Src/main.c:925:13:MX_GPIO_Init	1
../Core/Src/main.c:1006:6:HAL_UARTEx_RxEventCallback	2
../Core/Src/main.c:1013:6:USB_CDC_RxHandler	1
../Core/Src/main.c:1019:6:HAL_RTC_AlarmAEventCallback	1
../Core/Src/main.c:1027:6:HAL_GPIO_EXTI_Callback	3
../Core/Src/main.c:1044:6:Error_Handler	1
