Archive member included to satisfy reference by file (symbol)

/Applications/STM32CubeIDE.app/Contents/Eclipse/plugins/com.st.stm32cube.ide.mcu.externaltools.gnu-tools-for-stm32.13.3.rel1.macos64_1.0.0.202411102158/tools/bin/../lib/gcc/arm-none-eabi/13.3.1/../../../../arm-none-eabi/lib/thumb/v7-m/nofp/libc_nano.a(libc_a-exit.o)
                              /Applications/STM32CubeIDE.app/Contents/Eclipse/plugins/com.st.stm32cube.ide.mcu.externaltools.gnu-tools-for-stm32.13.3.rel1.macos64_1.0.0.202411102158/tools/bin/../lib/gcc/arm-none-eabi/13.3.1/../../../../arm-none-eabi/lib/thumb/v7-m/nofp/crt0.o (exit)
/Applications/STM32CubeIDE.app/Contents/Eclipse/plugins/com.st.stm32cube.ide.mcu.externaltools.gnu-tools-for-stm32.13.3.rel1.macos64_1.0.0.202411102158/tools/bin/../lib/gcc/arm-none-eabi/13.3.1/../../../../arm-none-eabi/lib/thumb/v7-m/nofp/libc_nano.a(libc_a-nano-vfprintf_float.o)
                              (_printf_float)
/Applications/STM32CubeIDE.app/Contents/Eclipse/plugins/com.st.stm32cube.ide.mcu.externaltools.gnu-tools-for-stm32.13.3.rel1.macos64_1.0.0.202411102158/tools/bin/../lib/gcc/arm-none-eabi/13.3.1/../../../../arm-none-eabi/lib/thumb/v7-m/nofp/libc_nano.a(libc_a-nano-vfprintf_i.o)
                              /Applications/STM32CubeIDE.app/Contents/Eclipse/plugins/com.st.stm32cube.ide.mcu.externaltools.gnu-tools-for-stm32.13.3.rel1.macos64_1.0.0.202411102158/tools/bin/../lib/gcc/arm-none-eabi/13.3.1/../../../../arm-none-eabi/lib/thumb/v7-m/nofp/libc_nano.a(libc_a-nano-vfprintf_float.o) (_printf_common)
/Applications/STM32CubeIDE.app/Contents/Eclipse/plugins/com.st.stm32cube.ide.mcu.externaltools.gnu-tools-for-stm32.13.3.rel1.macos64_1.0.0.202411102158/tools/bin/../lib/gcc/arm-none-eabi/13.3.1/../../../../arm-none-eabi/lib/thumb/v7-m/nofp/libc_nano.a(libc_a-snprintf.o)
                              ./Core/Src/SIMCOM.o (snprintf)
/Applications/STM32CubeIDE.app/Contents/Eclipse/plugins/com.st.stm32cube.ide.mcu.externaltools.gnu-tools-for-stm32.13.3.rel1.macos64_1.0.0.202411102158/tools/bin/../lib/gcc/arm-none-eabi/13.3.1/../../../../arm-none-eabi/lib/thumb/v7-m/nofp/libc_nano.a(libc_a-findfp.o)
                              /Applications/STM32CubeIDE.app/Contents/Eclipse/plugins/com.st.stm32cube.ide.mcu.externaltools.gnu-tools-for-stm32.13.3.rel1.macos64_1.0.0.202411102158/tools/bin/../lib/gcc/arm-none-eabi/13.3.1/../../../../arm-none-eabi/lib/thumb/v7-m/nofp/libc_nano.a(libc_a-exit.o) (__stdio_exit_handler)
/Applications/STM32CubeIDE.app/Contents/Eclipse/plugins/com.st.stm32cube.ide.mcu.externaltools.gnu-tools-for-stm32.13.3.rel1.macos64_1.0.0.202411102158/tools/bin/../lib/gcc/arm-none-eabi/13.3.1/../../../../arm-none-eabi/lib/thumb/v7-m/nofp/libc_nano.a(libc_a-fwalk.o)
                              /Applications/STM32CubeIDE.app/Contents/Eclipse/plugins/com.st.stm32cube.ide.mcu.externaltools.gnu-tools-for-stm32.13.3.rel1.macos64_1.0.0.202411102158/tools/bin/../lib/gcc/arm-none-eabi/13.3.1/../../../../arm-none-eabi/lib/thumb/v7-m/nofp/libc_nano.a(libc_a-findfp.o) (_fwalk_sglue)
/Applications/STM32CubeIDE.app/Contents/Eclipse/plugins/com.st.stm32cube.ide.mcu.externaltools.gnu-tools-for-stm32.13.3.rel1.macos64_1.0.0.202411102158/tools/bin/../lib/gcc/arm-none-eabi/13.3.1/../../../../arm-none-eabi/lib/thumb/v7-m/nofp/libc_nano.a(libc_a-memset.o)
                              /Applications/STM32CubeIDE.app/Contents/Eclipse/plugins/com.st.stm32cube.ide.mcu.externaltools.gnu-tools-for-stm32.13.3.rel1.macos64_1.0.0.202411102158/tools/bin/../lib/gcc/arm-none-eabi/13.3.1/../../../../arm-none-eabi/lib/thumb/v7-m/nofp/crt0.o (memset)
/Applications/STM32CubeIDE.app/Contents/Eclipse/plugins/com.st.stm32cube.ide.mcu.externaltools.gnu-tools-for-stm32.13.3.rel1.macos64_1.0.0.202411102158/tools/bin/../lib/gcc/arm-none-eabi/13.3.1/../../../../arm-none-eabi/lib/thumb/v7-m/nofp/libc_nano.a(libc_a-strcat.o)
                              ./Core/Src/main.o (strcat)
/Applications/STM32CubeIDE.app/Contents/Eclipse/plugins/com.st.stm32cube.ide.mcu.externaltools.gnu-tools-for-stm32.13.3.rel1.macos64_1.0.0.202411102158/tools/bin/../lib/gcc/arm-none-eabi/13.3.1/../../../../arm-none-eabi/lib/thumb/v7-m/nofp/libc_nano.a(libc_a-strstr.o)
                              ./Core/Src/SIMCOM.o (strstr)
/Applications/STM32CubeIDE.app/Contents/Eclipse/plugins/com.st.stm32cube.ide.mcu.externaltools.gnu-tools-for-stm32.13.3.rel1.macos64_1.0.0.202411102158/tools/bin/../lib/gcc/arm-none-eabi/13.3.1/../../../../arm-none-eabi/lib/thumb/v7-m/nofp/libc_nano.a(libc_a-errno.o)
                              ./Core/Src/syscalls.o (__errno)
/Applications/STM32CubeIDE.app/Contents/Eclipse/plugins/com.st.stm32cube.ide.mcu.externaltools.gnu-tools-for-stm32.13.3.rel1.macos64_1.0.0.202411102158/tools/bin/../lib/gcc/arm-none-eabi/13.3.1/../../../../arm-none-eabi/lib/thumb/v7-m/nofp/libc_nano.a(libc_a-init.o)
[...]
Memory Configuration

Name             Origin             Length             Attributes
RAM              0x20000000         0x00005000         xrw
FLASH            0x08000000         0x00010000         xr
*default*        0x00000000         0xffffffff

Linker script and memory map

LOAD /Applications/STM32CubeIDE.app/Contents/Eclipse/plugins/com.st.stm32cube.ide.mcu.externaltools.gnu-tools-for-stm32.13.3.rel1.macos64_1.0.0.202411102158/tools/bin/../lib/gcc/arm-none-eabi/13.3.1/thumb/v7-m/nofp/crti.o
LOAD /Applications/STM32CubeIDE.app/Contents/Eclipse/plugins/com.st.stm32cube.ide.mcu.externaltools.gnu-tools-for-stm32.13.3.rel1.macos64_1.0.0.202411102158/tools/bin/../lib/gcc/arm-none-eabi/13.3.1/thumb/v7-m/nofp/crtbegin.o
LOAD /Applications/STM32CubeIDE.app/Contents/Eclipse/plugins/com.st.stm32cube.ide.mcu.externaltools.gnu-tools-for-stm32.13.3.rel1.macos64_1.0.0.202411102158/tools/bin/../lib/gcc/arm-none-eabi/13.3.1/../../../../arm-none-eabi/lib/thumb/v7-m/nofp/crt0.o
LOAD ./Core/Src/RTC.o
LOAD ./Core/Src/SIMCOM.o
LOAD ./Core/Src/UI.o
LOAD ./Core/Src/Ultrasonic.o
LOAD ./Core/Src/lcd_12864.o
LOAD ./Core/Src/lcd_16XX.o
LOAD ./Core/Src/main.o
LOAD ./Core/Src/stm32f1xx_hal_msp.o
LOAD ./Core/Src/stm32f1xx_it.o
LOAD ./Core/Src/syscalls.o
LOAD ./Core/Src/sysmem.o
LOAD ./Core/Src/system_stm32f1xx.o
LOAD ./Core/Startup/startup_stm32f103c8tx.o
LOAD ./Drivers/STM32F1xx_HAL_Driver/Src/stm32f1xx_hal.o
LOAD ./Drivers/STM32F1xx_HAL_Driver/Src/stm32f1xx_hal_adc.o
LOAD ./Drivers/STM32F1xx_HAL_Driver/Src/stm32f1xx_hal_adc_ex.o
LOAD ./Drivers/STM32F1xx_HAL_Driver/Src/stm32f1xx_hal_cortex.o
LOAD ./Drivers/STM32F1xx_HAL_Driver/Src/stm32f1xx_hal_dma.o
LOAD ./Drivers/STM32F1xx_HAL_Driver/Src/stm32f1xx_hal_exti.o
LOAD ./Drivers/STM32F1xx_HAL_Driver/Src/stm32f1xx_hal_flash.o
LOAD ./Drivers/STM32F1xx_HAL_Driver/Src/stm32f1xx_hal_flash_ex.o
LOAD ./Drivers/STM32F1xx_HAL_Driver/Src/stm32f1xx_hal_gpio.o
LOAD ./Drivers/STM32F1xx_HAL_Driver/Src/stm32f1xx_hal_gpio_ex.o
LOAD ./Drivers/STM32F1xx_HAL_Driver/Src/stm32f1xx_hal_i2c.o
LOAD ./Drivers/STM32F1xx_HAL_Driver/Src/stm32f1xx_hal_pwr.o
LOAD ./Drivers/STM32F1xx_HAL_Driver/Src/stm32f1xx_hal_rcc.o
LOAD ./Drivers/STM32F1xx_HAL_Driver/Src/stm32f1xx_hal_rcc_ex.o
LOAD ./Drivers/STM32F1xx_HAL_Driver/Src/stm32f1xx_hal_rtc.o
LOAD ./Drivers/STM32F1xx_HAL_Driver/Src/stm32f1xx_hal_rtc_ex.o
LOAD ./Drivers/STM32F1xx_HAL_Driver/Src/stm32f1xx_hal_spi.o
LOAD ./Drivers/STM32F1xx_HAL_Driver/Src/stm32f1xx_hal_tim.o
LOAD ./Drivers/STM32F1xx_HAL_Driver/Src/stm32f1xx_hal_tim_ex.o
LOAD ./Drivers/STM32F1xx_HAL_Driver/Src/stm32f1xx_hal_uart.o
LOAD ./Drivers/csrc/u8g2_arc.o
LOAD ./Drivers/csrc/u8g2_bitmap.o
LOAD ./Drivers/csrc/u8g2_box.o
LOAD ./Drivers/csrc/u8g2_buffer.o
LOAD ./Drivers/csrc/u8g2_button.o
LOAD ./Drivers/csrc/u8g2_circle.o
LOAD ./Drivers/csrc/u8g2_cleardisplay.o
LOAD ./Drivers/csrc/u8g2_d_memory.o
LOAD ./Drivers/csrc/u8g2_d_setup.o
LOAD ./Drivers/csrc/u8g2_font.o
LOAD ./Drivers/csrc/u8g2_fonts.o
LOAD ./Drivers/csrc/u8g2_hvline.o
LOAD ./Drivers/csrc/u8g2_input_value.o
LOAD ./Drivers/csrc/u8g2_intersection.o
LOAD ./Drivers/csrc/u8g2_kerning.o
LOAD ./Drivers/csrc/u8g2_line.o
LOAD ./Drivers/csrc/u8g2_ll_hvline.o
LOAD ./Drivers/csrc/u8g2_message.o
LOAD ./Drivers/csrc/u8g2_polygon.o
LOAD ./Drivers/csrc/u8g2_selection_list.o
LOAD ./Drivers/csrc/u8g2_setup.o
LOAD ./Drivers/csrc/u8x8_8x8.o
LOAD ./Drivers/csrc/u8x8_byte.o
LOAD ./Drivers/csrc/u8x8_cad.o
LOAD ./Drivers/csrc/u8x8_capture.o
LOAD ./Drivers/csrc/u8x8_d_st7920.o
LOAD ./Drivers/csrc/u8x8_debounce.o
LOAD ./Drivers/csrc/u8x8_display.o
LOAD ./Drivers/csrc/u8x8_fonts.o
LOAD ./Drivers/csrc/u8x8_gpio.o
LOAD ./Drivers/csrc/u8x8_input_value.o
LOAD ./Drivers/csrc/u8x8_message.o
LOAD ./Drivers/csrc/u8x8_selection_list.o
LOAD ./Drivers/csrc/u8x8_setup.o
LOAD ./Drivers/csrc/u8x8_string.o
LOAD ./Drivers/csrc/u8x8_u16toa.o
LOAD ./Drivers/csrc/u8x8_u8toa.o
START GROUP
LOAD /Applications/STM32CubeIDE.app/Contents/Eclipse/plugins/com.st.stm32cube.ide.mcu.externaltools.gnu-tools-for-stm32.13.3.rel1.macos64_1.0.0.202411102158/tools/bin/../lib/gcc/arm-none-eabi/13.3.1/../../../../arm-none-eabi/lib/thumb/v7-m/nofp/libc_nano.a
LOAD /Applications/STM32CubeIDE.app/Contents/Eclipse/plugins/com.st.stm32cube.ide.mcu.externaltools.gnu-tools-for-stm32.13.3.rel1.macos64_1.0.0.202411102158/tools/bin/../lib/gcc/arm-none-eabi/13.3.1/../../../../arm-none-eabi/lib/thumb/v7-m/nofp/libm.a
END GROUP
START GROUP
LOAD /Applications/STM32CubeIDE.app/Contents/Eclipse/plugins/com.st.stm32cube.ide.mcu.externaltools.gnu-tools-for-stm32.13.3.rel1.macos64_1.0.0.202411102158/tools/bin/../lib/gcc/arm-none-eabi/13.3.1/thumb/v7-m/nofp/libgcc.a
LOAD /Applications/STM32CubeIDE.app/Contents/Eclipse/plugins/com.st.stm32cube.ide.mcu.externaltools.gnu-tools-for-stm32.13.3.rel1.macos64_1.0.0.202411102158/tools/bin/../lib/gcc/arm-none-eabi/13.3.1/../../../../arm-none-eabi/lib/thumb/v7-m/nofp/libc_nano.a
END GROUP
START GROUP
LOAD /Applications/STM32CubeIDE.app/Contents/Eclipse/plugins/com.st.stm32cube.ide.mcu.externaltools.gnu-tools-for-stm32.13.3.rel1.macos64_1.0.0.202411102158/tools/bin/../lib/gcc/arm-none-eabi/13.3.1/thumb/v7-m/nofp/libgcc.a
LOAD /Applications/STM32CubeIDE.app/Contents/Eclipse/plugins/com.st.stm32cube.ide.mcu.externaltools.gnu-tools-for-stm32.13.3.rel1.macos64_1.0.0.202411102158/tools/bin/../lib/gcc/arm-none-eabi/13.3.1/../../../../arm-none-eabi/lib/thumb/v7-m/nofp/libc_nano.a
LOAD /Applications/STM32CubeIDE.app/Contents/Eclipse/plugins/com.st.stm32cube.ide.mcu.externaltools.gnu-tools-for-stm32.13.3.rel1.macos64_1.0.0.202411102158/tools/bin/../lib/gcc/arm-none-eabi/13.3.1/../../../../arm-none-eabi/lib/thumb/v7-m/nofp/libnosys.a
END GROUP
START GROUP
LOAD /Applications/STM32CubeIDE.app/Contents/Eclipse/plugins/com.st.stm32cube.ide.mcu.externaltools.gnu-tools-for-stm32.13.3.rel1.macos64_1.0.0.202411102158/tools/bin/../lib/gcc/arm-none-eabi/13.3.1/thumb/v7-m/nofp/libgcc.a
LOAD /Applications/STM32CubeIDE.app/Contents/Eclipse/plugins/com.st.stm32cube.ide.mcu.externaltools.gnu-tools-for-stm32.13.3.rel1.macos64_1.0.0.202411102158/tools/bin/../lib/gcc/arm-none-eabi/13.3.1/../../../../arm-none-eabi/lib/thumb/v7-m/nofp/libc_nano.a
LOAD /Applications/STM32CubeIDE.app/Contents/Eclipse/plugins/com.st.stm32cube.ide.mcu.externaltools.gnu-tools-for-stm32.13.3.rel1.macos64_1.0.0.202411102158/tools/bin/../lib/gcc/arm-none-eabi/13.3.1/../../../../arm-none-eabi/lib/thumb/v7-m/nofp/libnosys.a
END GROUP
LOAD /Applications/STM32CubeIDE.app/Contents/Eclipse/plugins/com.st.stm32cube.ide.mcu.externaltools.gnu-tools-for-stm32.13.3.rel1.macos64_1.0.0.202411102158/tools/bin/../lib/gcc/arm-none-eabi/13.3.1/thumb/v7-m/nofp/crtend.o
LOAD /Applications/STM32CubeIDE.app/Contents/Eclipse/plugins/com.st.stm32cube.ide.mcu.externaltools.gnu-tools-for-stm32.13.3.rel1.macos64_1.0.0.202411102158/tools/bin/../lib/gcc/arm-none-eabi/13.3.1/thumb/v7-m/nofp/crtn.o
                0x20005000                        _estack = (ORIGIN (RAM) + LENGTH (RAM))
                0x00000200                        _Min_Heap_Size = 0x200
                0x00000400                        _Min_Stack_Size = 0x400

.isr_vector     0x08000000      0x10c
                0x08000000                        . = ALIGN (0x4)
 *(.isr_vector)
 .isr_vector    0x08000000      0x10c ./Core/Startup/startup_stm32f103c8tx.o
                0x08000000                g_pfnVectors
                0x0800010c                        . = ALIGN (0x4)

.text           0x08000110     0x8f80
                0x08000110                        . = ALIGN (0x4)
 *(.text)
 .text          0x08000110       0x40 /Applications/STM32CubeIDE.app/Contents/Eclipse/plugins/com.st.stm32cube.ide.mcu.externaltools.gnu-tools-for-stm32.13.3.rel1.macos64_1.0.0.202411102158/tools/bin/../lib/gcc/arm-none-eabi/13.3.1/thumb/v7-m/nofp/crtbegin.o
 .text          0x08000150       0x10 /Applications/STM32CubeIDE.app/Contents/Eclipse/plugins/com.st.stm32cube.ide.mcu.externaltools.gnu-tools-for-stm32.13.3.rel1.macos64_1.0.0.202411102158/tools/bin/../lib/gcc/arm-none-eabi/13.3.1/../../../../arm-none-eabi/lib/thumb/v7-m/nofp/libc_nano.a(libc_a-strlen.o)
                0x08000150                strlen
 .text          0x08000160      0x378 /Applications/STM32CubeIDE.app/Contents/Eclipse/plugins/com.st.stm32cube.ide.mcu.externaltools.gnu-tools-for-stm32.13.3.rel1.macos64_1.0.0.202411102158/tools/bin/../lib/gcc/arm-none-eabi/13.3.1/thumb/v7-m/nofp/libgcc.a(_arm_addsubdf3.o)
                0x08000160                __aeabi_drsub
                0x08000168                __aeabi_dsub
                0x08000168                __subdf3
                0x0800016c                __adddf3
                0x0800016c                __aeabi_dadd
                0x080003e4                __floatunsidf
                0x080003e4                __aeabi_ui2d
                0x08000404                __aeabi_i2d
                0x08000404                __floatsidf
                0x08000428                __extendsfdf2
                0x08000428                __aeabi_f2d
                0x0800046c                __aeabi_ul2d
                0x0800046c                __floatundidf
                0x0800047c                __floatdidf
                0x0800047c                __aeabi_l2d
 .text          0x080004d8      0x424 /Applications/STM32CubeIDE.app/Contents/Eclipse/plugins/com.st.stm32cube.ide.mcu.externaltools.gnu-tools-for-stm32.13.3.rel1.macos64_1.0.0.202411102158/tools/bin/../lib/gcc/arm-none-eabi/13.3.1/thumb/v7-m/nofp/libgcc.a(_arm_muldivdf3.o)
                0x080004d8                __aeabi_dmul
                0x080004d8                __muldf3
                0x0800072c                __aeabi_ddiv
                0x0800072c                __divdf3
 .text          0x080008fc      0x110 /Applications/STM32CubeIDE.app/Contents/Eclipse/plugins/com.st.stm32cube.ide.mcu.externaltools.gnu-tools-for-stm32.13.3.rel1.macos64_1.0.0.202411102158/tools/bin/../lib/gcc/arm-none-eabi/13.3.1/thumb/v7-m/nofp/libgcc.a(_arm_cmpdf2.o)
                0x080008fc                __gtdf2
                0x080008fc                __gedf2
                0x08000904                __ledf2
                0x08000904                __ltdf2
                0x0800090c                __eqdf2
                0x0800090c                __cmpdf2
                0x0800090c                __nedf2
                0x08000988                __aeabi_cdrcmple
                0x08000998                __aeabi_cdcmpeq
                0x08000998                __aeabi_cdcmple
                0x080009a8                __aeabi_dcmpeq
                0x080009bc                __aeabi_dcmplt
                0x080009d0                __aeabi_dcmple
                0x080009e4                __aeabi_dcmpge
                0x080009f8                __aeabi_dcmpgt
 .text          0x08000a0c       0x2c /Applications/STM32CubeIDE.app/Contents/Eclipse/plugins/com.st.stm32cube.ide.mcu.externaltools.gnu-tools-for-stm32.13.3.rel1.macos64_1.0.0.202411102158/tools/bin/../lib/gcc/arm-none-eabi/13.3.1/thumb/v7-m/nofp/libgcc.a(_arm_unorddf2.o)
                0x08000a0c                __aeabi_dcmpun
                0x08000a0c                __unorddf2
 .text          0x08000a38       0x50 /Applications/STM32CubeIDE.app/Contents/Eclipse/plugins/com.st.stm32cube.ide.mcu.externaltools.gnu-tools-for-stm32.13.3.rel1.macos64_1.0.0.202411102158/tools/bin/../lib/gcc/arm-none-eabi/13.3.1/thumb/v7-m/nofp/libgcc.a(_arm_fixdfsi.o)
                0x08000a38                __aeabi_d2iz
                0x08000a38                __fixdfsi
 .text          0x08000a88      0x21c /Applications/STM32CubeIDE.app/Contents/Eclipse/plugins/com.st.stm32cube.ide.mcu.externaltools.gnu-tools-for-stm32.13.3.rel1.macos64_1.0.0.202411102158/tools/bin/../lib/gcc/arm-none-eabi/13.3.1/thumb/v7-m/nofp/libgcc.a(_arm_addsubsf3.o)
                0x08000a88                __aeabi_frsub
                0x08000a90                __subsf3
                0x08000a90                __aeabi_fsub
                0x08000a94                __addsf3
                0x08000a94                __aeabi_fadd
                0x08000bf4                __floatunsisf
                0x08000bf4                __aeabi_ui2f
                0x08000bfc                __floatsisf
                0x08000bfc                __aeabi_i2f
                0x08000c18                __floatundisf
                0x08000c18                __aeabi_ul2f
                0x08000c28                __floatdisf
                0x08000c28                __aeabi_l2f
 .text          0x08000ca4      0x2a0 /Applications/STM32CubeIDE.app/Contents/Eclipse/plugins/com.st.stm32cube.ide.mcu.externaltools.gnu-tools-for-stm32.13.3.rel1.macos64_1.0.0.202411102158/tools/bin/../lib/gcc/arm-none-eabi/13.3.1/thumb/v7-m/nofp/libgcc.a(_arm_muldivsf3.o)
                0x08000ca4                __mulsf3
                0x08000ca4                __aeabi_fmul
                0x08000e0c                __aeabi_fdiv
                0x08000e0c                __divsf3
 .text          0x08000f44       0xec /Applications/STM32CubeIDE.app/Contents/Eclipse/plugins/com.st.stm32cube.ide.mcu.externaltools.gnu-tools-for-stm32.13.3.rel1.macos64_1.0.0.202411102158/tools/bin/../lib/gcc/arm-none-eabi/13.3.1/thumb/v7-m/nofp/libgcc.a(_arm_cmpsf2.o)
                0x08000f44                __gesf2
                0x08000f44                __gtsf2
                0x08000f4c                __lesf2
                0x08000f4c                __ltsf2
                0x08000f54                __nesf2
                0x08000f54                __eqsf2
                0x08000f54                __cmpsf2
                0x08000fb4                __aeabi_cfrcmple
                0x08000fbc                __aeabi_cfcmple
                0x08000fbc                __aeabi_cfcmpeq
                0x08000fcc                __aeabi_fcmpeq
                0x08000fe0                __aeabi_fcmplt
                0x08000ff4                __aeabi_fcmple
                0x08001008                __aeabi_fcmpge
                0x0800101c                __aeabi_fcmpgt
 *(.text*)
 .text.Set_RTC  0x08001030       0x1c ./Core/Src/RTC.o
                0x08001030                Set_RTC
 .text.timeOutHandle
                0x0800104c       0x50 ./Core/Src/SIMCOM.o
                0x0800104c                timeOutHandle
 .text.Transmit
                0x0800109c       0x40 ./Core/Src/SIMCOM.o
                0x0800109c                Transmit
 .text.SIM_CheckResponse
                0x080010dc      0x224 ./Core/Src/SIMCOM.o
                0x080010dc                SIM_CheckResponse
 .text.SIMCom_Post
                0x08001300       0xfc ./Core/Src/SIMCOM.o
                0x08001300                SIMCom_Post
 .text.SIMCom_Get
                0x080013fc       0xa8 ./Core/Src/SIMCOM.o
                0x080013fc                SIMCom_Get
 .text.SIM_Sleep
                0x080014a4       0x68 ./Core/Src/SIMCOM.o
                0x080014a4                SIM_Sleep
 .text.SIM_Wakeup
                0x0800150c       0x8c ./Core/Src/SIMCOM.o
                0x0800150c                SIM_Wakeup
 .text.UI_16XX  0x08001598      0x130 ./Core/Src/UI.o
                0x08001598                UI_16XX
 .text.UI_12864
                0x080016c8      0x1a8 ./Core/Src/UI.o
                0x080016c8                UI_12864
 .text.UI_clear
                0x08001870       0x14 ./Core/Src/UI.o
                0x08001870                UI_clear
 .text.delay_us
                0x08001884       0x14 ./Core/Src/Ultrasonic.o
                0x08001884                delay_us
 .text.Ultra_ReadDistance
                0x08001898       0xc4 ./Core/Src/Ultrasonic.o
                0x08001898                Ultra_ReadDistance
 .text.u8g2_gpio_and_delay
                0x0800195c       0x28 ./Core/Src/lcd_12864.o
                0x0800195c                u8g2_gpio_and_delay
 .text.u8x8_spi
                0x08001984       0x48 ./Core/Src/lcd_12864.o
                0x08001984                u8x8_spi
 .text.Init_12864
                0x080019cc       0x40 ./Core/Src/lcd_12864.o
                0x080019cc                Init_12864
 .text.lcd_logo_12864
                0x08001a0c       0x24 ./Core/Src/lcd_12864.o
                0x08001a0c                lcd_logo_12864
 .text.DelayUS  0x08001a30       0x30 ./Core/Src/lcd_16XX.o
 .text.ExpanderWrite
                0x08001a60       0x2c ./Core/Src/lcd_16XX.o
 .text.Write4Bits
                0x08001a8c       0x28 ./Core/Src/lcd_16XX.o
 .text.SendCommand
                0x08001ab4       0x1a ./Core/Src/lcd_16XX.o
 .text.SendChar
                0x08001ace       0x22 ./Core/Src/lcd_16XX.o
 .text.lcd_clear
                0x08001af0       0x14 ./Core/Src/lcd_16XX.o
                0x08001af0                lcd_clear
 .text.Home     0x08001b04       0x14 ./Core/Src/lcd_16XX.o
                0x08001b04                Home
 .text.lcd_SetCursor
                0x08001b18       0x44 ./Core/Src/lcd_16XX.o
                0x08001b18                lcd_SetCursor
 .text.Display  0x08001b5c       0x18 ./Core/Src/lcd_16XX.o
                0x08001b5c                Display
 .text.CreateSpecialChar
                0x08001b74       0x24 ./Core/Src/lcd_16XX.o
                0x08001b74                CreateSpecialChar
 .text.Init     0x08001b98       0xfc ./Core/Src/lcd_16XX.o
                0x08001b98                Init
 .text.lcd_print
                0x08001c94       0x12 ./Core/Src/lcd_16XX.o
                0x08001c94                lcd_print
 *fill*         0x08001ca6        0x2 
 .text.MX_USART2_UART_Init
                0x08001ca8       0x34 ./Core/Src/main.o
 .text.MX_GPIO_Init
                0x08001cdc      0x148 ./Core/Src/main.o
 .text.MX_I2C1_Init
                0x08001e24       0x38 ./Core/Src/main.o
 .text.MX_ADC1_Init
                0x08001e5c       0x50 ./Core/Src/main.o
 .text.MX_ADC2_Init
                0x08001eac       0x54 ./Core/Src/main.o
 .text.timeOut.constprop.0
                0x08001f00       0x38 ./Core/Src/main.o
 .text.delay_ms
                0x08001f38       0x16 ./Core/Src/main.o
                0x08001f38                delay_ms
 *fill*         0x08001f4e        0x2 
 .text.buzzer   0x08001f50       0x38 ./Core/Src/main.o
                0x08001f50                buzzer
 .text.LOG      0x08001f88       0x4c ./Core/Src/main.o
                0x08001f88                LOG
 .text.UI_Handle
                0x08001fd4       0x20 ./Core/Src/main.o
                0x08001fd4                UI_Handle
 .text.SystemClock_Config
                0x08001ff4       0x8a ./Core/Src/main.o
                0x08001ff4                SystemClock_Config
 *fill*         0x0800207e        0x2 
 .text.startup.main
                0x08002080      0x7b4 ./Core/Src/main.o
                0x08002080                main
 .text.HAL_UARTEx_RxEventCallback
                0x08002834       0x24 ./Core/Src/main.o
                0x08002834                HAL_UARTEx_RxEventCallback
 .text.HAL_RTC_AlarmAEventCallback
                0x08002858       0x24 ./Core/Src/main.o
                0x08002858                HAL_RTC_AlarmAEventCallback
 .text.HAL_GPIO_EXTI_Callback
                0x0800287c       0x1c ./Core/Src/main.o
                0x0800287c                HAL_GPIO_EXTI_Callback
 .text.HAL_MspInit
                0x08002898       0x54 ./Core/Src/stm32f1xx_hal_msp.o
                0x08002898                HAL_MspInit
 .text.HAL_ADC_MspInit
                0x080028ec       0xa0 ./Core/Src/stm32f1xx_hal_msp.o
                0x080028ec                HAL_ADC_MspInit
 .text.HAL_ADC_MspDeInit
                0x0800298c       0x40 ./Core/Src/stm32f1xx_hal_msp.o
                0x0800298c                HAL_ADC_MspDeInit
 .text.HAL_I2C_MspInit
                0x080029cc       0x64 ./Core/Src/stm32f1xx_hal_msp.o
                0x080029cc                HAL_I2C_MspInit
 .text.HAL_I2C_MspDeInit
                0x08002a30       0x38 ./Core/Src/stm32f1xx_hal_msp.o
                0x08002a30                HAL_I2C_MspDeInit
 .text.HAL_RTC_MspInit
                0x08002a68       0x64 ./Core/Src/stm32f1xx_hal_msp.o
                0x08002a68                HAL_RTC_MspInit
 .text.HAL_SPI_MspInit
                0x08002acc       0x64 ./Core/Src/stm32f1xx_hal_msp.o
                0x08002acc                HAL_SPI_MspInit
 .text.HAL_SPI_MspDeInit
                0x08002b30       0x2c ./Core/Src/stm32f1xx_hal_msp.o
                0x08002b30                HAL_SPI_MspDeInit
 .text.HAL_TIM_Base_MspInit
                0x08002b5c       0x28 ./Core/Src/stm32f1xx_hal_msp.o
                0x08002b5c                HAL_TIM_Base_MspInit
 .text.HAL_UART_MspInit
                0x08002b84       0xf0 ./Core/Src/stm32f1xx_hal_msp.o
                0x08002b84                HAL_UART_MspInit
 .text.NMI_Handler
                0x08002c74        0x2 ./Core/Src/stm32f1xx_it.o
                0x08002c74                NMI_Handler
 .text.HardFault_Handler
                0x08002c76        0x2 ./Core/Src/stm32f1xx_it.o
                0x08002c76                HardFault_Handler
 .text.MemManage_Handler
                0x08002c78        0x2 ./Core/Src/stm32f1xx_it.o
                0x08002c78                MemManage_Handler
 .text.BusFault_Handler
                0x08002c7a        0x2 ./Core/Src/stm32f1xx_it.o
                0x08002c7a                BusFault_Handler
 .text.UsageFault_Handler
                0x08002c7c        0x2 ./Core/Src/stm32f1xx_it.o
                0x08002c7c                UsageFault_Handler
 .text.SVC_Handler
                0x08002c7e        0x2 ./Core/Src/stm32f1xx_it.o
                0x08002c7e                SVC_Handler
 .text.DebugMon_Handler
                0x08002c80        0x2 ./Core/Src/stm32f1xx_it.o
                0x08002c80                DebugMon_Handler
 .text.PendSV_Handler
                0x08002c82        0x2 ./Core/Src/stm32f1xx_it.o
                0x08002c82                PendSV_Handler
 .text.SysTick_Handler
                0x08002c84        0x4 ./Core/Src/stm32f1xx_it.o
                0x08002c84                SysTick_Handler
 .text.RTC_IRQHandler
                0x08002c88        0xc ./Core/Src/stm32f1xx_it.o
                0x08002c88                RTC_IRQHandler
 .text.RCC_IRQHandler
                0x08002c94        0x2 ./Core/Src/stm32f1xx_it.o
                0x08002c94                RCC_IRQHandler
 .text.EXTI0_IRQHandler
                0x08002c96        0x6 ./Core/Src/stm32f1xx_it.o
                0x08002c96                EXTI0_IRQHandler
 .text.USART1_IRQHandler
                0x08002c9c        0xc ./Core/Src/stm32f1xx_it.o
                0x08002c9c                USART1_IRQHandler
 .text.USART2_IRQHandler
                0x08002ca8        0xc ./Core/Src/stm32f1xx_it.o
                0x08002ca8                USART2_IRQHandler
 .text.RTC_Alarm_IRQHandler
                0x08002cb4        0xc ./Core/Src/stm32f1xx_it.o
                0x08002cb4                RTC_Alarm_IRQHandler
 .text._getpid  0x08002cc0        0x4 ./Core/Src/syscalls.o
                0x08002cc0                _getpid
 .text._kill    0x08002cc4       0x10 ./Core/Src/syscalls.o
                0x08002cc4                _kill
 .text._exit    0x08002cd4        0xc ./Core/Src/syscalls.o
                0x08002cd4                _exit
 .text._read    0x08002ce0       0x1c ./Core/Src/syscalls.o
                0x08002ce0                _read
 .text._write   0x08002cfc       0x1c ./Core/Src/syscalls.o
                0x08002cfc                _write
 .text._close   0x08002d18        0x6 ./Core/Src/syscalls.o
                0x08002d18                _close
 .text._fstat   0x08002d1e        0xa ./Core/Src/syscalls.o
                0x08002d1e                _fstat
 .text._isatty  0x08002d28        0x4 ./Core/Src/syscalls.o
                0x08002d28                _isatty
 .text._lseek   0x08002d2c        0x4 ./Core/Src/syscalls.o
                0x08002d2c                _lseek
 .text._sbrk    0x08002d30       0x40 ./Core/Src/sysmem.o
                0x08002d30                _sbrk
 .text.SystemInit
                0x08002d70        0x2 ./Core/Src/system_stm32f1xx.o
                0x08002d70                SystemInit
 *fill*         0x08002d72        0x2 
 .text.Reset_Handler
                0x08002d74       0x48 ./Core/Startup/startup_stm32f103c8tx.o
                0x08002d74                Reset_Handler
 .text.Default_Handler
                0x08002dbc        0x2 ./Core/Startup/startup_stm32f103c8tx.o
                0x08002dbc                USB_HP_CAN1_TX_IRQHandler
                0x08002dbc                EXTI1_IRQHandler
                0x08002dbc                SPI2_IRQHandler
                0x08002dbc                EXTI9_5_IRQHandler
                0x08002dbc                SPI1_IRQHandler
                0x08002dbc                PVD_IRQHandler
                0x08002dbc                USBWakeUp_IRQHandler
                0x08002dbc                WWDG_IRQHandler
                0x08002dbc                ADC1_2_IRQHandler
                0x08002dbc                DMA1_Channel5_IRQHandler
                0x08002dbc                I2C1_ER_IRQHandler
                0x08002dbc                DMA1_Channel6_IRQHandler
                0x08002dbc                TIM1_UP_IRQHandler
                0x08002dbc                DMA1_Channel2_IRQHandler
                0x08002dbc                I2C2_EV_IRQHandler
                0x08002dbc                TIM3_IRQHandler
                0x08002dbc                DMA1_Channel7_IRQHandler
                0x08002dbc                USB_LP_CAN1_RX0_IRQHandler
                0x08002dbc                FLASH_IRQHandler
                0x08002dbc                EXTI15_10_IRQHandler
                0x08002dbc                TIM1_BRK_IRQHandler
                0x08002dbc                TAMPER_IRQHandler
                0x08002dbc                TIM2_IRQHandler
                0x08002dbc                CAN1_SCE_IRQHandler
                0x08002dbc                Default_Handler
                0x08002dbc                EXTI2_IRQHandler
                0x08002dbc                DMA1_Channel3_IRQHandler
                0x08002dbc                TIM4_IRQHandler
                0x08002dbc                USART3_IRQHandler
                0x08002dbc                EXTI3_IRQHandler
                0x08002dbc                I2C2_ER_IRQHandler
                0x08002dbc                TIM1_TRG_COM_IRQHandler
                0x08002dbc                I2C1_EV_IRQHandler
                0x08002dbc                TIM1_CC_IRQHandler
                0x08002dbc                DMA1_Channel1_IRQHandler
                0x08002dbc                EXTI4_IRQHandler
                0x08002dbc                CAN1_RX1_IRQHandler
                0x08002dbc                DMA1_Channel4_IRQHandler
 *fill*         0x08002dbe        0x2 
 .text.HAL_InitTick
                0x08002dc0       0x48 ./Drivers/STM32F1xx_HAL_Driver/Src/stm32f1xx_hal.o
                0x08002dc0                HAL_InitTick
 .text.HAL_Init
                0x08002e08       0x24 ./Drivers/STM32F1xx_HAL_Driver/Src/stm32f1xx_hal.o
                0x08002e08                HAL_Init
 .text.HAL_IncTick
                0x08002e2c       0x18 ./Drivers/STM32F1xx_HAL_Driver/Src/stm32f1xx_hal.o
                0x08002e2c                HAL_IncTick
 .text.HAL_GetTick
                0x08002e44        0xc ./Drivers/STM32F1xx_HAL_Driver/Src/stm32f1xx_hal.o
                0x08002e44                HAL_GetTick
 .text.HAL_Delay
                0x08002e50       0x24 ./Drivers/STM32F1xx_HAL_Driver/Src/stm32f1xx_hal.o
                0x08002e50                HAL_Delay
 .text.HAL_SuspendTick
                0x08002e74        0xe ./Drivers/STM32F1xx_HAL_Driver/Src/stm32f1xx_hal.o
                0x08002e74                HAL_SuspendTick
 .text.HAL_ResumeTick
                0x08002e82        0xe ./Drivers/STM32F1xx_HAL_Driver/Src/stm32f1xx_hal.o
                0x08002e82                HAL_ResumeTick
 .text.HAL_ADC_ConfigChannel
                0x08002e90       0xfc ./Drivers/STM32F1xx_HAL_Driver/Src/stm32f1xx_hal_adc.o
                0x08002e90                HAL_ADC_ConfigChannel
 .text.ADC_Enable
                0x08002f8c       0x78 ./Drivers/STM32F1xx_HAL_Driver/Src/stm32f1xx_hal_adc.o
                0x08002f8c                ADC_Enable
 .text.HAL_ADC_Start
                0x08003004       0xc4 ./Drivers/STM32F1xx_HAL_Driver/Src/stm32f1xx_hal_adc.o
                0x08003004                HAL_ADC_Start
 .text.ADC_ConversionStop_Disable
                0x080030c8       0x4c ./Drivers/STM32F1xx_HAL_Driver/Src/stm32f1xx_hal_adc.o
                0x080030c8                ADC_ConversionStop_Disable
 .text.HAL_ADC_Init
                0x08003114       0xfc ./Drivers/STM32F1xx_HAL_Driver/Src/stm32f1xx_hal_adc.o
                0x08003114                HAL_ADC_Init
 .text.HAL_ADC_DeInit
                0x08003210       0xc0 ./Drivers/STM32F1xx_HAL_Driver/Src/stm32f1xx_hal_adc.o
                0x08003210                HAL_ADC_DeInit
 .text.HAL_NVIC_SetPriorityGrouping
                0x080032d0       0x24 ./Drivers/STM32F1xx_HAL_Driver/Src/stm32f1xx_hal_cortex.o
                0x080032d0                HAL_NVIC_SetPriorityGrouping
 .text.HAL_NVIC_SetPriority
                0x080032f4       0x60 ./Drivers/STM32F1xx_HAL_Driver/Src/stm32f1xx_hal_cortex.o
                0x080032f4                HAL_NVIC_SetPriority
 .text.HAL_NVIC_EnableIRQ
                0x08003354       0x1c ./Drivers/STM32F1xx_HAL_Driver/Src/stm32f1xx_hal_cortex.o
                0x08003354                HAL_NVIC_EnableIRQ
 .text.HAL_SYSTICK_Config
                0x08003370       0x28 ./Drivers/STM32F1xx_HAL_Driver/Src/stm32f1xx_hal_cortex.o
                0x08003370                HAL_SYSTICK_Config
 .text.HAL_DMA_Abort
                0x08003398       0x3e ./Drivers/STM32F1xx_HAL_Driver/Src/stm32f1xx_hal_dma.o
                0x08003398                HAL_DMA_Abort
 *fill*         0x080033d6        0x2 
 .text.HAL_DMA_Abort_IT
                0x080033d8       0x8c ./Drivers/STM32F1xx_HAL_Driver/Src/stm32f1xx_hal_dma.o
                0x080033d8                HAL_DMA_Abort_IT
 .text.HAL_GPIO_Init
                0x08003464      0x1a8 ./Drivers/STM32F1xx_HAL_Driver/Src/stm32f1xx_hal_gpio.o
                0x08003464                HAL_GPIO_Init
 .text.HAL_GPIO_DeInit
                0x0800360c       0xdc ./Drivers/STM32F1xx_HAL_Driver/Src/stm32f1xx_hal_gpio.o
                0x0800360c                HAL_GPIO_DeInit
 .text.HAL_GPIO_ReadPin
                0x080036e8        0xc ./Drivers/STM32F1xx_HAL_Driver/Src/stm32f1xx_hal_gpio.o
                0x080036e8                HAL_GPIO_ReadPin
 .text.HAL_GPIO_WritePin
                0x080036f4        0xa ./Drivers/STM32F1xx_HAL_Driver/Src/stm32f1xx_hal_gpio.o
                0x080036f4                HAL_GPIO_WritePin
 *fill*         0x080036fe        0x2 
 .text.HAL_GPIO_EXTI_IRQHandler
                0x08003700       0x18 ./Drivers/STM32F1xx_HAL_Driver/Src/stm32f1xx_hal_gpio.o
                0x08003700                HAL_GPIO_EXTI_IRQHandler
 .text.I2C_IsAcknowledgeFailed
                0x08003718       0x32 ./Drivers/STM32F1xx_HAL_Driver/Src/stm32f1xx_hal_i2c.o
 .text.I2C_WaitOnFlagUntilTimeout
                0x0800374a       0x80 ./Drivers/STM32F1xx_HAL_Driver/Src/stm32f1xx_hal_i2c.o
 .text.I2C_WaitOnMasterAddressFlagUntilTimeout
                0x080037ca       0x84 ./Drivers/STM32F1xx_HAL_Driver/Src/stm32f1xx_hal_i2c.o
 .text.I2C_WaitOnTXEFlagUntilTimeout
                0x0800384e       0x54 ./Drivers/STM32F1xx_HAL_Driver/Src/stm32f1xx_hal_i2c.o
 .text.I2C_WaitOnBTFFlagUntilTimeout
                0x080038a2       0x54 ./Drivers/STM32F1xx_HAL_Driver/Src/stm32f1xx_hal_i2c.o
 *fill*         0x080038f6        0x2 
 .text.HAL_I2C_Init
                0x080038f8      0x150 ./Drivers/STM32F1xx_HAL_Driver/Src/stm32f1xx_hal_i2c.o
                0x080038f8                HAL_I2C_Init
 .text.HAL_I2C_DeInit
                0x08003a48       0x32 ./Drivers/STM32F1xx_HAL_Driver/Src/stm32f1xx_hal_i2c.o
                0x08003a48                HAL_I2C_DeInit
 *fill*         0x08003a7a        0x2 
 .text.HAL_I2C_Master_Transmit
                0x08003a7c      0x1b4 ./Drivers/STM32F1xx_HAL_Driver/Src/stm32f1xx_hal_i2c.o
                0x08003a7c                HAL_I2C_Master_Transmit
 .text.PWR_OverloadWfe
                0x08003c30        0x6 ./Drivers/STM32F1xx_HAL_Driver/Src/stm32f1xx_hal_pwr.o
 *fill*         0x08003c36        0x2 
 .text.HAL_PWR_EnableBkUpAccess
                0x08003c38        0xc ./Drivers/STM32F1xx_HAL_Driver/Src/stm32f1xx_hal_pwr.o
                0x08003c38                HAL_PWR_EnableBkUpAccess
 .text.HAL_PWR_EnterSTOPMode
                0x08003c44       0x48 ./Drivers/STM32F1xx_HAL_Driver/Src/stm32f1xx_hal_pwr.o
                0x08003c44                HAL_PWR_EnterSTOPMode
 .text.HAL_RCC_OscConfig
                0x08003c8c      0x338 ./Drivers/STM32F1xx_HAL_Driver/Src/stm32f1xx_hal_rcc.o
                0x08003c8c                HAL_RCC_OscConfig
 .text.HAL_RCC_GetSysClockFreq
                0x08003fc4       0x4c ./Drivers/STM32F1xx_HAL_Driver/Src/stm32f1xx_hal_rcc.o
                0x08003fc4                HAL_RCC_GetSysClockFreq
 .text.HAL_RCC_ClockConfig
                0x08004010      0x138 ./Drivers/STM32F1xx_HAL_Driver/Src/stm32f1xx_hal_rcc.o
                0x08004010                HAL_RCC_ClockConfig
 .text.HAL_RCC_GetPCLK1Freq
                0x08004148       0x20 ./Drivers/STM32F1xx_HAL_Driver/Src/stm32f1xx_hal_rcc.o
                0x08004148                HAL_RCC_GetPCLK1Freq
 .text.HAL_RCC_GetPCLK2Freq
                0x08004168       0x20 ./Drivers/STM32F1xx_HAL_Driver/Src/stm32f1xx_hal_rcc.o
                0x08004168                HAL_RCC_GetPCLK2Freq
 .text.HAL_RCCEx_PeriphCLKConfig
                0x08004188       0xf4 ./Drivers/STM32F1xx_HAL_Driver/Src/stm32f1xx_hal_rcc_ex.o
                0x08004188                HAL_RCCEx_PeriphCLKConfig
 .text.HAL_RCCEx_GetPeriphCLKFreq
                0x0800427c       0xbc ./Drivers/STM32F1xx_HAL_Driver/Src/stm32f1xx_hal_rcc_ex.o
                0x0800427c                HAL_RCCEx_GetPeriphCLKFreq
 .text.RTC_ReadTimeCounter
                0x08004338       0x24 ./Drivers/STM32F1xx_HAL_Driver/Src/stm32f1xx_hal_rtc.o
 .text.RTC_ReadAlarmCounter
                0x0800435c        0xe ./Drivers/STM32F1xx_HAL_Driver/Src/stm32f1xx_hal_rtc.o
 .text.RTC_ByteToBcd2
                0x0800436a       0x16 ./Drivers/STM32F1xx_HAL_Driver/Src/stm32f1xx_hal_rtc.o
 .text.RTC_Bcd2ToByte
                0x08004380       0x10 ./Drivers/STM32F1xx_HAL_Driver/Src/stm32f1xx_hal_rtc.o
 .text.RTC_WeekDayNum
                0x08004390       0x62 ./Drivers/STM32F1xx_HAL_Driver/Src/stm32f1xx_hal_rtc.o
 .text.RTC_EnterInitMode
                0x080043f2       0x2e ./Drivers/STM32F1xx_HAL_Driver/Src/stm32f1xx_hal_rtc.o
 .text.RTC_ExitInitMode
                0x08004420       0x30 ./Drivers/STM32F1xx_HAL_Driver/Src/stm32f1xx_hal_rtc.o
 .text.RTC_WriteTimeCounter
                0x08004450       0x28 ./Drivers/STM32F1xx_HAL_Driver/Src/stm32f1xx_hal_rtc.o
 .text.RTC_WriteAlarmCounter
                0x08004478       0x28 ./Drivers/STM32F1xx_HAL_Driver/Src/stm32f1xx_hal_rtc.o
 .text.HAL_RTC_SetTime
                0x080044a0       0xa2 ./Drivers/STM32F1xx_HAL_Driver/Src/stm32f1xx_hal_rtc.o
                0x080044a0                HAL_RTC_SetTime
 *fill*         0x08004542        0x2 
 .text.HAL_RTC_GetTime
                0x08004544      0x168 ./Drivers/STM32F1xx_HAL_Driver/Src/stm32f1xx_hal_rtc.o
                0x08004544                HAL_RTC_GetTime
 .text.HAL_RTC_SetDate
                0x080046ac       0xac ./Drivers/STM32F1xx_HAL_Driver/Src/stm32f1xx_hal_rtc.o
                0x080046ac                HAL_RTC_SetDate
 .text.HAL_RTC_SetAlarm_IT
                0x08004758       0xd8 ./Drivers/STM32F1xx_HAL_Driver/Src/stm32f1xx_hal_rtc.o
                0x08004758                HAL_RTC_SetAlarm_IT
 .text.HAL_RTC_AlarmIRQHandler
                0x08004830       0x34 ./Drivers/STM32F1xx_HAL_Driver/Src/stm32f1xx_hal_rtc.o
                0x08004830                HAL_RTC_AlarmIRQHandler
 .text.HAL_RTC_WaitForSynchro
                0x08004864       0x36 ./Drivers/STM32F1xx_HAL_Driver/Src/stm32f1xx_hal_rtc.o
                0x08004864                HAL_RTC_WaitForSynchro
 *fill*         0x0800489a        0x2 
 .text.HAL_RTC_Init
                0x0800489c       0x8c ./Drivers/STM32F1xx_HAL_Driver/Src/stm32f1xx_hal_rtc.o
                0x0800489c                HAL_RTC_Init
 .text.HAL_RTCEx_RTCEventCallback
                0x08004928        0x2 ./Drivers/STM32F1xx_HAL_Driver/Src/stm32f1xx_hal_rtc_ex.o
                0x08004928                HAL_RTCEx_RTCEventCallback
 .text.HAL_RTCEx_RTCEventErrorCallback
                0x0800492a        0x2 ./Drivers/STM32F1xx_HAL_Driver/Src/stm32f1xx_hal_rtc_ex.o
                0x0800492a                HAL_RTCEx_RTCEventErrorCallback
 .text.HAL_RTCEx_RTCIRQHandler
                0x0800492c       0x3c ./Drivers/STM32F1xx_HAL_Driver/Src/stm32f1xx_hal_rtc_ex.o
                0x0800492c                HAL_RTCEx_RTCIRQHandler
 .text.SPI_WaitFlagStateUntilTimeout
                0x08004968       0xb8 ./Drivers/STM32F1xx_HAL_Driver/Src/stm32f1xx_hal_spi.o
 .text.SPI_EndRxTxTransaction
                0x08004a20       0x38 ./Drivers/STM32F1xx_HAL_Driver/Src/stm32f1xx_hal_spi.o
 .text.HAL_SPI_Init
                0x08004a58       0xb0 ./Drivers/STM32F1xx_HAL_Driver/Src/stm32f1xx_hal_spi.o
                0x08004a58                HAL_SPI_Init
 .text.HAL_SPI_Transmit
                0x08004b08      0x160 ./Drivers/STM32F1xx_HAL_Driver/Src/stm32f1xx_hal_spi.o
                0x08004b08                HAL_SPI_Transmit
 .text.HAL_TIM_Base_Start
                0x08004c68       0x4c ./Drivers/STM32F1xx_HAL_Driver/Src/stm32f1xx_hal_tim.o
                0x08004c68                HAL_TIM_Base_Start
 .text.TIM_Base_SetConfig
                0x08004cb4       0x64 ./Drivers/STM32F1xx_HAL_Driver/Src/stm32f1xx_hal_tim.o
                0x08004cb4                TIM_Base_SetConfig
 .text.HAL_TIM_Base_Init
                0x08004d18       0x58 ./Drivers/STM32F1xx_HAL_Driver/Src/stm32f1xx_hal_tim.o
                0x08004d18                HAL_TIM_Base_Init
 .text.TIM_ETR_SetConfig
                0x08004d70       0x14 ./Drivers/STM32F1xx_HAL_Driver/Src/stm32f1xx_hal_tim.o
                0x08004d70                TIM_ETR_SetConfig
 .text.HAL_TIM_ConfigClockSource
                0x08004d84      0x132 ./Drivers/STM32F1xx_HAL_Driver/Src/stm32f1xx_hal_tim.o
                0x08004d84                HAL_TIM_ConfigClockSource
 *fill*         0x08004eb6        0x2 
 .text.HAL_TIMEx_MasterConfigSynchronization
                0x08004eb8       0x5c ./Drivers/STM32F1xx_HAL_Driver/Src/stm32f1xx_hal_tim_ex.o
                0x08004eb8                HAL_TIMEx_MasterConfigSynchronization
 .text.UART_EndRxTransfer
                0x08004f14       0x5c ./Drivers/STM32F1xx_HAL_Driver/Src/stm32f1xx_hal_uart.o
 .text.UART_SetConfig
                0x08004f70       0x74 ./Drivers/STM32F1xx_HAL_Driver/Src/stm32f1xx_hal_uart.o
 .text.UART_WaitOnFlagUntilTimeout.constprop.0
                0x08004fe4       0x64 ./Drivers/STM32F1xx_HAL_Driver/Src/stm32f1xx_hal_uart.o
 .text.HAL_UART_Init
                0x08005048       0x5e ./Drivers/STM32F1xx_HAL_Driver/Src/stm32f1xx_hal_uart.o
                0x08005048                HAL_UART_Init
 .text.HAL_UART_Transmit
                0x080050a6       0x9c ./Drivers/STM32F1xx_HAL_Driver/Src/stm32f1xx_hal_uart.o
                0x080050a6                HAL_UART_Transmit
 .text.HAL_UART_TxCpltCallback
                0x08005142        0x2 ./Drivers/STM32F1xx_HAL_Driver/Src/stm32f1xx_hal_uart.o
                0x08005142                HAL_UART_TxCpltCallback
 .text.HAL_UART_RxCpltCallback
                0x08005144        0x2 ./Drivers/STM32F1xx_HAL_Driver/Src/stm32f1xx_hal_uart.o
                0x08005144                HAL_UART_RxCpltCallback
 .text.HAL_UART_ErrorCallback
                0x08005146        0x2 ./Drivers/STM32F1xx_HAL_Driver/Src/stm32f1xx_hal_uart.o
                0x08005146                HAL_UART_ErrorCallback
 .text.UART_DMAAbortOnError
                0x08005148       0x10 ./Drivers/STM32F1xx_HAL_Driver/Src/stm32f1xx_hal_uart.o
 .text.UART_Receive_IT.isra.0
                0x08005158       0xb6 ./Drivers/STM32F1xx_HAL_Driver/Src/stm32f1xx_hal_uart.o
 *fill*         0x0800520e        0x2 
 .text.HAL_UART_IRQHandler
                0x08005210      0x294 ./Drivers/STM32F1xx_HAL_Driver/Src/stm32f1xx_hal_uart.o
                0x08005210                HAL_UART_IRQHandler
 .text.UART_Start_Receive_IT
                0x080054a4       0x32 ./Drivers/STM32F1xx_HAL_Driver/Src/stm32f1xx_hal_uart.o
                0x080054a4                UART_Start_Receive_IT
 .text.HAL_UARTEx_ReceiveToIdle_IT
                0x080054d6       0x5a ./Drivers/STM32F1xx_HAL_Driver/Src/stm32f1xx_hal_uart.o
                0x080054d6                HAL_UARTEx_ReceiveToIdle_IT
 .text.u8g2_DrawHXBM
                0x08005530       0xbc ./Drivers/csrc/u8g2_bitmap.o
                0x08005530                u8g2_DrawHXBM
 .text.u8g2_DrawXBM
                0x080055ec       0x4e ./Drivers/csrc/u8g2_bitmap.o
                0x080055ec                u8g2_DrawXBM
 .text.u8g2_send_buffer
                0x0800563a       0x4e ./Drivers/csrc/u8g2_buffer.o
 .text.u8g2_ClearBuffer
                0x08005688       0x14 ./Drivers/csrc/u8g2_buffer.o
                0x08005688                u8g2_ClearBuffer
 .text.u8g2_SetBufferCurrTileRow
                0x0800569c       0x1a ./Drivers/csrc/u8g2_buffer.o
                0x0800569c                u8g2_SetBufferCurrTileRow
 .text.u8g2_FirstPage
                0x080056b6       0x1a ./Drivers/csrc/u8g2_buffer.o
                0x080056b6                u8g2_FirstPage
 .text.u8g2_NextPage
                0x080056d0       0x3e ./Drivers/csrc/u8g2_buffer.o
                0x080056d0                u8g2_NextPage
 .text.u8g2_UpdateDisplay
                0x0800570e        0x4 ./Drivers/csrc/u8g2_buffer.o
                0x0800570e                u8g2_UpdateDisplay
 .text.u8g2_ClearDisplay
                0x08005712       0x1e ./Drivers/csrc/u8g2_cleardisplay.o
                0x08005712                u8g2_ClearDisplay
 .text.u8g2_m_16_8_f
                0x08005730        0xc ./Drivers/csrc/u8g2_d_memory.o
                0x08005730                u8g2_m_16_8_f
 .text.u8g2_Setup_st7920_s_128x64_f
                0x0800573c       0x3c ./Drivers/csrc/u8g2_d_setup.o
                0x0800573c                u8g2_Setup_st7920_s_128x64_f
 .text.u8g2_font_get_word
                0x08005778        0x8 ./Drivers/csrc/u8g2_font.o
 .text.u8g2_font_calc_vref_font
                0x08005780        0x4 ./Drivers/csrc/u8g2_font.o
                0x08005780                u8g2_font_calc_vref_font
 .text.u8g2_read_font_info
                0x08005784       0x6a ./Drivers/csrc/u8g2_font.o
                0x08005784                u8g2_read_font_info
 .text.u8g2_font_decode_get_unsigned_bits
                0x080057ee       0x3c ./Drivers/csrc/u8g2_font.o
                0x080057ee                u8g2_font_decode_get_unsigned_bits
 .text.u8g2_font_setup_decode
                0x0800582a       0x40 ./Drivers/csrc/u8g2_font.o
 .text.u8g2_font_decode_get_signed_bits
                0x0800586a       0x14 ./Drivers/csrc/u8g2_font.o
                0x0800586a                u8g2_font_decode_get_signed_bits
 .text.u8g2_add_vector_y
                0x0800587e       0x1c ./Drivers/csrc/u8g2_font.o
                0x0800587e                u8g2_add_vector_y
 .text.u8g2_add_vector_x
                0x0800589a       0x1c ./Drivers/csrc/u8g2_font.o
                0x0800589a                u8g2_add_vector_x
 .text.u8g2_font_decode_len
                0x080058b6       0x96 ./Drivers/csrc/u8g2_font.o
                0x080058b6                u8g2_font_decode_len
 .text.u8g2_font_decode_glyph
                0x0800594c      0x120 ./Drivers/csrc/u8g2_font.o
                0x0800594c                u8g2_font_decode_glyph
 .text.u8g2_font_get_glyph_data
                0x08005a6c       0x6e ./Drivers/csrc/u8g2_font.o
                0x08005a6c                u8g2_font_get_glyph_data
 .text.u8g2_DrawGlyph
                0x08005ada       0x5a ./Drivers/csrc/u8g2_font.o
                0x08005ada                u8g2_DrawGlyph
 .text.u8g2_draw_string
                0x08005b34       0x6c ./Drivers/csrc/u8g2_font.o
 .text.u8g2_DrawStr
                0x08005ba0       0x10 ./Drivers/csrc/u8g2_font.o
                0x08005ba0                u8g2_DrawStr
 .text.u8g2_UpdateRefHeight
                0x08005bb0       0x58 ./Drivers/csrc/u8g2_font.o
                0x08005bb0                u8g2_UpdateRefHeight
 .text.u8g2_SetFontPosBaseline
                0x08005c08        0xc ./Drivers/csrc/u8g2_font.o
                0x08005c08                u8g2_SetFontPosBaseline
 .text.u8g2_SetFont
                0x08005c14       0x1e ./Drivers/csrc/u8g2_font.o
                0x08005c14                u8g2_SetFont
 .text.u8g2_draw_hv_line_2dir
                0x08005c32       0x16 ./Drivers/csrc/u8g2_hvline.o
                0x08005c32                u8g2_draw_hv_line_2dir
 .text.u8g2_DrawHVLine
                0x08005c48       0xd4 ./Drivers/csrc/u8g2_hvline.o
                0x08005c48                u8g2_DrawHVLine
 .text.u8g2_is_intersection_decision_tree
                0x08005d1c       0x1e ./Drivers/csrc/u8g2_intersection.o
                0x08005d1c                u8g2_is_intersection_decision_tree
 .text.u8g2_IsIntersection
                0x08005d3a       0x30 ./Drivers/csrc/u8g2_intersection.o
                0x08005d3a                u8g2_IsIntersection
 .text.u8g2_ll_hvline_horizontal_right_lsb
                0x08005d6a       0x80 ./Drivers/csrc/u8g2_ll_hvline.o
                0x08005d6a                u8g2_ll_hvline_horizontal_right_lsb
 .text.u8g2_update_dimension_common
                0x08005dea       0x40 ./Drivers/csrc/u8g2_setup.o
 .text.u8g2_draw_l90_r2
                0x08005e2a       0x38 ./Drivers/csrc/u8g2_setup.o
                0x08005e2a                u8g2_draw_l90_r2
 .text.u8g2_apply_clip_window
                0x08005e62       0x6c ./Drivers/csrc/u8g2_setup.o
 .text.u8g2_update_page_win_r2
                0x08005ece       0x32 ./Drivers/csrc/u8g2_setup.o
                0x08005ece                u8g2_update_page_win_r2
 .text.u8g2_update_dimension_r2
                0x08005f00        0x4 ./Drivers/csrc/u8g2_setup.o
                0x08005f00                u8g2_update_dimension_r2
 .text.u8g2_SetMaxClipWindow
                0x08005f04       0x10 ./Drivers/csrc/u8g2_setup.o
                0x08005f04                u8g2_SetMaxClipWindow
 .text.u8g2_SetupBuffer
                0x08005f14       0x42 ./Drivers/csrc/u8g2_setup.o
                0x08005f14                u8g2_SetupBuffer
 .text.u8x8_ascii_next
                0x08005f56       0x10 ./Drivers/csrc/u8x8_8x8.o
                0x08005f56                u8x8_ascii_next
 .text.u8x8_utf8_init
                0x08005f66        0x8 ./Drivers/csrc/u8x8_8x8.o
                0x08005f66                u8x8_utf8_init
 .text.u8x8_byte_SendBytes
                0x08005f6e       0x10 ./Drivers/csrc/u8x8_byte.o
                0x08005f6e                u8x8_byte_SendBytes
 .text.u8x8_byte_SendByte
                0x08005f7e       0x16 ./Drivers/csrc/u8x8_byte.o
                0x08005f7e                u8x8_byte_SendByte
 .text.u8x8_cad_SendCmd
                0x08005f94       0x10 ./Drivers/csrc/u8x8_cad.o
                0x08005f94                u8x8_cad_SendCmd
 .text.u8x8_cad_SendData
                0x08005fa4       0x10 ./Drivers/csrc/u8x8_cad.o
                0x08005fa4                u8x8_cad_SendData
 .text.u8x8_cad_StartTransfer
                0x08005fb4       0x10 ./Drivers/csrc/u8x8_cad.o
                0x08005fb4                u8x8_cad_StartTransfer
 .text.u8x8_cad_EndTransfer
                0x08005fc4       0x10 ./Drivers/csrc/u8x8_cad.o
                0x08005fc4                u8x8_cad_EndTransfer
 .text.u8x8_cad_SendSequence
                0x08005fd4       0x62 ./Drivers/csrc/u8x8_cad.o
                0x08005fd4                u8x8_cad_SendSequence
 *fill*         0x08006036        0x2 
 .text.u8x8_cad_st7920_spi
                0x08006038      0x118 ./Drivers/csrc/u8x8_cad.o
                0x08006038                u8x8_cad_st7920_spi
 .text.u8x8_d_st7920_common
                0x08006150       0xb4 ./Drivers/csrc/u8x8_d_st7920.o
                0x08006150                u8x8_d_st7920_common
 .text.u8x8_d_st7920_128x64
                0x08006204       0x1c ./Drivers/csrc/u8x8_d_st7920.o
                0x08006204                u8x8_d_st7920_128x64
 .text.u8x8_d_helper_display_setup_memory
                0x08006220        0xa ./Drivers/csrc/u8x8_display.o
                0x08006220                u8x8_d_helper_display_setup_memory
 .text.u8x8_d_helper_display_init
                0x0800622a       0x60 ./Drivers/csrc/u8x8_display.o
                0x0800622a                u8x8_d_helper_display_init
 .text.u8x8_DrawTile
                0x0800628a       0x20 ./Drivers/csrc/u8x8_display.o
                0x0800628a                u8x8_DrawTile
 .text.u8x8_SetupMemory
                0x080062aa       0x10 ./Drivers/csrc/u8x8_display.o
                0x080062aa                u8x8_SetupMemory
 .text.u8x8_InitDisplay
                0x080062ba       0x10 ./Drivers/csrc/u8x8_display.o
                0x080062ba                u8x8_InitDisplay
 .text.u8x8_SetPowerSave
                0x080062ca       0x10 ./Drivers/csrc/u8x8_display.o
                0x080062ca                u8x8_SetPowerSave
 .text.u8x8_RefreshDisplay
                0x080062da       0x10 ./Drivers/csrc/u8x8_display.o
                0x080062da                u8x8_RefreshDisplay
 .text.u8x8_gpio_call
                0x080062ea        0xc ./Drivers/csrc/u8x8_gpio.o
                0x080062ea                u8x8_gpio_call
 .text.u8x8_dummy_cb
                0x080062f6        0x4 ./Drivers/csrc/u8x8_setup.o
                0x080062f6                u8x8_dummy_cb
 *fill*         0x080062fa        0x2 
 .text.u8x8_SetupDefaults
                0x080062fc       0x28 ./Drivers/csrc/u8x8_setup.o
                0x080062fc                u8x8_SetupDefaults
 .text.u8x8_Setup
                0x08006324       0x1c ./Drivers/csrc/u8x8_setup.o
                0x08006324                u8x8_Setup
 .text.__cvt    0x08006340       0xc8 /Applications/STM32CubeIDE.app/Contents/Eclipse/plugins/com.st.stm32cube.ide.mcu.externaltools.gnu-tools-for-stm32.13.3.rel1.macos64_1.0.0.202411102158/tools/bin/../lib/gcc/arm-none-eabi/13.3.1/../../../../arm-none-eabi/lib/thumb/v7-m/nofp/libc_nano.a(libc_a-nano-vfprintf_float.o)
                0x08006340                __cvt
 .text.__exponent
                0x08006408       0x74 /Applications/STM32CubeIDE.app/Contents/Eclipse/plugins/com.st.stm32cube.ide.mcu.externaltools.gnu-tools-for-stm32.13.3.rel1.macos64_1.0.0.202411102158/tools/bin/../lib/gcc/arm-none-eabi/13.3.1/../../../../arm-none-eabi/lib/thumb/v7-m/nofp/libc_nano.a(libc_a-nano-vfprintf_float.o)
                0x08006408                __exponent
 .text._printf_float
                0x0800647c      0x458 /Applications/STM32CubeIDE.app/Contents/Eclipse/plugins/com.st.stm32cube.ide.mcu.externaltools.gnu-tools-for-stm32.13.3.rel1.macos64_1.0.0.202411102158/tools/bin/../lib/gcc/arm-none-eabi/13.3.1/../../../../arm-none-eabi/lib/thumb/v7-m/nofp/libc_nano.a(libc_a-nano-vfprintf_float.o)
                0x0800647c                _printf_float
 .text._printf_common
                0x080068d4       0xe4 /Applications/STM32CubeIDE.app/Contents/Eclipse/plugins/com.st.stm32cube.ide.mcu.externaltools.gnu-tools-for-stm32.13.3.rel1.macos64_1.0.0.202411102158/tools/bin/../lib/gcc/arm-none-eabi/13.3.1/../../../../arm-none-eabi/lib/thumb/v7-m/nofp/libc_nano.a(libc_a-nano-vfprintf_i.o)
                0x080068d4                _printf_common
 .text._printf_i
                0x080069b8      0x23c /Applications/STM32CubeIDE.app/Contents/Eclipse/plugins/com.st.stm32cube.ide.mcu.externaltools.gnu-tools-for-stm32.13.3.rel1.macos64_1.0.0.202411102158/tools/bin/../lib/gcc/arm-none-eabi/13.3.1/../../../../arm-none-eabi/lib/thumb/v7-m/nofp/libc_nano.a(libc_a-nano-vfprintf_i.o)
                0x080069b8                _printf_i
 .text.snprintf
                0x08006bf4       0x6c /Applications/STM32CubeIDE.app/Contents/Eclipse/plugins/com.st.stm32cube.ide.mcu.externaltools.gnu-tools-for-stm32.13.3.rel1.macos64_1.0.0.202411102158/tools/bin/../lib/gcc/arm-none-eabi/13.3.1/../../../../arm-none-eabi/lib/thumb/v7-m/nofp/libc_nano.a(libc_a-snprintf.o)
                0x08006bf4                snprintf
                0x08006bf4                sniprintf
 .text.std      0x08006c60       0x6c /Applications/STM32CubeIDE.app/Contents/Eclipse/plugins/com.st.stm32cube.ide.mcu.externaltools.gnu-tools-for-stm32.13.3.rel1.macos64_1.0.0.202411102158/tools/bin/../lib/gcc/arm-none-eabi/13.3.1/../../../../arm-none-eabi/lib/thumb/v7-m/nofp/libc_nano.a(libc_a-findfp.o)
 .text.stdio_exit_handler
                0x08006ccc       0x18 /Applications/STM32CubeIDE.app/Contents/Eclipse/plugins/com.st.stm32cube.ide.mcu.externaltools.gnu-tools-for-stm32.13.3.rel1.macos64_1.0.0.202411102158/tools/bin/../lib/gcc/arm-none-eabi/13.3.1/../../../../arm-none-eabi/lib/thumb/v7-m/nofp/libc_nano.a(libc_a-findfp.o)
 .text.cleanup_stdio
                0x08006ce4       0x40 /Applications/STM32CubeIDE.app/Contents/Eclipse/plugins/com.st.stm32cube.ide.mcu.externaltools.gnu-tools-for-stm32.13.3.rel1.macos64_1.0.0.202411102158/tools/bin/../lib/gcc/arm-none-eabi/13.3.1/../../../../arm-none-eabi/lib/thumb/v7-m/nofp/libc_nano.a(libc_a-findfp.o)
 .text.global_stdio_init.part.0
                0x08006d24       0x3c /Applications/STM32CubeIDE.app/Contents/Eclipse/plugins/com.st.stm32cube.ide.mcu.externaltools.gnu-tools-for-stm32.13.3.rel1.macos64_1.0.0.202411102158/tools/bin/../lib/gcc/arm-none-eabi/13.3.1/../../../../arm-none-eabi/lib/thumb/v7-m/nofp/libc_nano.a(libc_a-findfp.o)
 .text.__sfp_lock_acquire
                0x08006d60        0xc /Applications/STM32CubeIDE.app/Contents/Eclipse/plugins/com.st.stm32cube.ide.mcu.externaltools.gnu-tools-for-stm32.13.3.rel1.macos64_1.0.0.202411102158/tools/bin/../lib/gcc/arm-none-eabi/13.3.1/../../../../arm-none-eabi/lib/thumb/v7-m/nofp/libc_nano.a(libc_a-findfp.o)
                0x08006d60                __sfp_lock_acquire
 .text.__sfp_lock_release
                0x08006d6c        0xc /Applications/STM32CubeIDE.app/Contents/Eclipse/plugins/com.st.stm32cube.ide.mcu.externaltools.gnu-tools-for-stm32.13.3.rel1.macos64_1.0.0.202411102158/tools/bin/../lib/gcc/arm-none-eabi/13.3.1/../../../../arm-none-eabi/lib/thumb/v7-m/nofp/libc_nano.a(libc_a-findfp.o)
                0x08006d6c                __sfp_lock_release
 .text.__sinit  0x08006d78       0x30 /Applications/STM32CubeIDE.app/Contents/Eclipse/plugins/com.st.stm32cube.ide.mcu.externaltools.gnu-tools-for-stm32.13.3.rel1.macos64_1.0.0.202411102158/tools/bin/../lib/gcc/arm-none-eabi/13.3.1/../../../../arm-none-eabi/lib/thumb/v7-m/nofp/libc_nano.a(libc_a-findfp.o)
                0x08006d78                __sinit
 .text._fwalk_sglue
                0x08006da8       0x3c /Applications/STM32CubeIDE.app/Contents/Eclipse/plugins/com.st.stm32cube.ide.mcu.externaltools.gnu-tools-for-stm32.13.3.rel1.macos64_1.0.0.202411102158/tools/bin/../lib/gcc/arm-none-eabi/13.3.1/../../../../arm-none-eabi/lib/thumb/v7-m/nofp/libc_nano.a(libc_a-fwalk.o)
                0x08006da8                _fwalk_sglue
 .text.memset   0x08006de4       0x10 /Applications/STM32CubeIDE.app/Contents/Eclipse/plugins/com.st.stm32cube.ide.mcu.externaltools.gnu-tools-for-stm32.13.3.rel1.macos64_1.0.0.202411102158/tools/bin/../lib/gcc/arm-none-eabi/13.3.1/../../../../arm-none-eabi/lib/thumb/v7-m/nofp/libc_nano.a(libc_a-memset.o)
                0x08006de4                memset
 .text.strcat   0x08006df4       0x1e /Applications/STM32CubeIDE.app/Contents/Eclipse/plugins/com.st.stm32cube.ide.mcu.externaltools.gnu-tools-for-stm32.13.3.rel1.macos64_1.0.0.202411102158/tools/bin/../lib/gcc/arm-none-eabi/13.3.1/../../../../arm-none-eabi/lib/thumb/v7-m/nofp/libc_nano.a(libc_a-strcat.o)
                0x08006df4                strcat
 .text.strstr   0x08006e12       0x2c /Applications/STM32CubeIDE.app/Contents/Eclipse/plugins/com.st.stm32cube.ide.mcu.externaltools.gnu-tools-for-stm32.13.3.rel1.macos64_1.0.0.202411102158/tools/bin/../lib/gcc/arm-none-eabi/13.3.1/../../../../arm-none-eabi/lib/thumb/v7-m/nofp/libc_nano.a(libc_a-strstr.o)
                0x08006e12                strstr
 *fill*         0x08006e3e        0x2 
 .text.__errno  0x08006e40        0xc /Applications/STM32CubeIDE.app/Contents/Eclipse/plugins/com.st.stm32cube.ide.mcu.externaltools.gnu-tools-for-stm32.13.3.rel1.macos64_1.0.0.202411102158/tools/bin/../lib/gcc/arm-none-eabi/13.3.1/../../../../arm-none-eabi/lib/thumb/v7-m/nofp/libc_nano.a(libc_a-errno.o)
                0x08006e40                __errno
 .text.__libc_init_array
                0x08006e4c       0x48 /Applications/STM32CubeIDE.app/Contents/Eclipse/plugins/com.st.stm32cube.ide.mcu.externaltools.gnu-tools-for-stm32.13.3.rel1.macos64_1.0.0.202411102158/tools/bin/../lib/gcc/arm-none-eabi/13.3.1/../../../../arm-none-eabi/lib/thumb/v7-m/nofp/libc_nano.a(libc_a-init.o)
                0x08006e4c                __libc_init_array
 .text.__retarget_lock_init_recursive
                0x08006e94        0x2 /Applications/STM32CubeIDE.app/Contents/Eclipse/plugins/com.st.stm32cube.ide.mcu.externaltools.gnu-tools-for-stm32.13.3.rel1.macos64_1.0.0.202411102158/tools/bin/../lib/gcc/arm-none-eabi/13.3.1/../../../../arm-none-eabi/lib/thumb/v7-m/nofp/libc_nano.a(libc_a-lock.o)
                0x08006e94                __retarget_lock_init_recursive
 .text.__retarget_lock_acquire_recursive
                0x08006e96        0x2 /Applications/STM32CubeIDE.app/Contents/Eclipse/plugins/com.st.stm32cube.ide.mcu.externaltools.gnu-tools-for-stm32.13.3.rel1.macos64_1.0.0.202411102158/tools/bin/../lib/gcc/arm-none-eabi/13.3.1/../../../../arm-none-eabi/lib/thumb/v7-m/nofp/libc_nano.a(libc_a-lock.o)
                0x08006e96                __retarget_lock_acquire_recursive
 .text.__retarget_lock_release_recursive
                0x08006e98        0x2 /Applications/STM32CubeIDE.app/Contents/Eclipse/plugins/com.st.stm32cube.ide.mcu.externaltools.gnu-tools-for-stm32.13.3.rel1.macos64_1.0.0.202411102158/tools/bin/../lib/gcc/arm-none-eabi/13.3.1/../../../../arm-none-eabi/lib/thumb/v7-m/nofp/libc_nano.a(libc_a-lock.o)
                0x08006e98                __retarget_lock_release_recursive
 *fill*         0x08006e9a        0x2 
 .text._localeconv_r
                0x08006e9c        0x8 /Applications/STM32CubeIDE.app/Contents/Eclipse/plugins/com.st.stm32cube.ide.mcu.externaltools.gnu-tools-for-stm32.13.3.rel1.macos64_1.0.0.202411102158/tools/bin/../lib/gcc/arm-none-eabi/13.3.1/../../../../arm-none-eabi/lib/thumb/v7-m/nofp/libc_nano.a(libc_a-localeconv.o)
                0x08006e9c                _localeconv_r
 .text.strcpy   0x08006ea4       0x10 /Applications/STM32CubeIDE.app/Contents/Eclipse/plugins/com.st.stm32cube.ide.mcu.externaltools.gnu-tools-for-stm32.13.3.rel1.macos64_1.0.0.202411102158/tools/bin/../lib/gcc/arm-none-eabi/13.3.1/../../../../arm-none-eabi/lib/thumb/v7-m/nofp/libc_nano.a(libc_a-strcpy.o)
                0x08006ea4                strcpy
 .text.memchr   0x08006eb4       0x1c /Applications/STM32CubeIDE.app/Contents/Eclipse/plugins/com.st.stm32cube.ide.mcu.externaltools.gnu-tools-for-stm32.13.3.rel1.macos64_1.0.0.202411102158/tools/bin/../lib/gcc/arm-none-eabi/13.3.1/../../../../arm-none-eabi/lib/thumb/v7-m/nofp/libc_nano.a(libc_a-memchr-stub.o)
                0x08006eb4                memchr
 .text.memcpy   0x08006ed0       0x1c /Applications/STM32CubeIDE.app/Contents/Eclipse/plugins/com.st.stm32cube.ide.mcu.externaltools.gnu-tools-for-stm32.13.3.rel1.macos64_1.0.0.202411102158/tools/bin/../lib/gcc/arm-none-eabi/13.3.1/../../../../arm-none-eabi/lib/thumb/v7-m/nofp/libc_nano.a(libc_a-memcpy-stub.o)
                0x08006ed0                memcpy
 .text.quorem   0x08006eec      0x110 /Applications/STM32CubeIDE.app/Contents/Eclipse/plugins/com.st.stm32cube.ide.mcu.externaltools.gnu-tools-for-stm32.13.3.rel1.macos64_1.0.0.202411102158/tools/bin/../lib/gcc/arm-none-eabi/13.3.1/../../../../arm-none-eabi/lib/thumb/v7-m/nofp/libc_nano.a(libc_a-dtoa.o)
 *fill*         0x08006ffc        0x4 
 .text._dtoa_r  0x08007000      0xba8 /Applications/STM32CubeIDE.app/Contents/Eclipse/plugins/com.st.stm32cube.ide.mcu.externaltools.gnu-tools-for-stm32.13.3.rel1.macos64_1.0.0.202411102158/tools/bin/../lib/gcc/arm-none-eabi/13.3.1/../../../../arm-none-eabi/lib/thumb/v7-m/nofp/libc_nano.a(libc_a-dtoa.o)
                0x08007000                _dtoa_r
 .text.__ssputs_r
                0x08007ba8       0xb6 /Applications/STM32CubeIDE.app/Contents/Eclipse/plugins/com.st.stm32cube.ide.mcu.externaltools.gnu-tools-for-stm32.13.3.rel1.macos64_1.0.0.202411102158/tools/bin/../lib/gcc/arm-none-eabi/13.3.1/../../../../arm-none-eabi/lib/thumb/v7-m/nofp/libc_nano.a(libc_a-nano-svfprintf.o)
                0x08007ba8                __ssputs_r
 *fill*         0x08007c5e        0x2 
 .text._svfprintf_r
                0x08007c60      0x1f8 /Applications/STM32CubeIDE.app/Contents/Eclipse/plugins/com.st.stm32cube.ide.mcu.externaltools.gnu-tools-for-stm32.13.3.rel1.macos64_1.0.0.202411102158/tools/bin/../lib/gcc/arm-none-eabi/13.3.1/../../../../arm-none-eabi/lib/thumb/v7-m/nofp/libc_nano.a(libc_a-nano-svfprintf.o)
                0x08007c60                _svfprintf_r
                0x08007c60                _svfiprintf_r
 .text.malloc   0x08007e58       0x10 /Applications/STM32CubeIDE.app/Contents/Eclipse/plugins/com.st.stm32cube.ide.mcu.externaltools.gnu-tools-for-stm32.13.3.rel1.macos64_1.0.0.202411102158/tools/bin/../lib/gcc/arm-none-eabi/13.3.1/../../../../arm-none-eabi/lib/thumb/v7-m/nofp/libc_nano.a(libc_a-malloc.o)
                0x08007e58                malloc
 .text.sbrk_aligned
                0x08007e68       0x44 /Applications/STM32CubeIDE.app/Contents/Eclipse/plugins/com.st.stm32cube.ide.mcu.externaltools.gnu-tools-for-stm32.13.3.rel1.macos64_1.0.0.202411102158/tools/bin/../lib/gcc/arm-none-eabi/13.3.1/../../../../arm-none-eabi/lib/thumb/v7-m/nofp/libc_nano.a(libc_a-mallocr.o)
 .text._malloc_r
                0x08007eac      0x100 /Applications/STM32CubeIDE.app/Contents/Eclipse/plugins/com.st.stm32cube.ide.mcu.externaltools.gnu-tools-for-stm32.13.3.rel1.macos64_1.0.0.202411102158/tools/bin/../lib/gcc/arm-none-eabi/13.3.1/../../../../arm-none-eabi/lib/thumb/v7-m/nofp/libc_nano.a(libc_a-mallocr.o)
                0x08007eac                _malloc_r
 .text.__sflush_r
                0x08007fac      0x100 /Applications/STM32CubeIDE.app/Contents/Eclipse/plugins/com.st.stm32cube.ide.mcu.externaltools.gnu-tools-for-stm32.13.3.rel1.macos64_1.0.0.202411102158/tools/bin/../lib/gcc/arm-none-eabi/13.3.1/../../../../arm-none-eabi/lib/thumb/v7-m/nofp/libc_nano.a(libc_a-fflush.o)
                0x08007fac                __sflush_r
 .text._fflush_r
                0x080080ac       0x50 /Applications/STM32CubeIDE.app/Contents/Eclipse/plugins/com.st.stm32cube.ide.mcu.externaltools.gnu-tools-for-stm32.13.3.rel1.macos64_1.0.0.202411102158/tools/bin/../lib/gcc/arm-none-eabi/13.3.1/../../../../arm-none-eabi/lib/thumb/v7-m/nofp/libc_nano.a(libc_a-fflush.o)
                0x080080ac                _fflush_r
 .text.__malloc_lock
                0x080080fc        0xc /Applications/STM32CubeIDE.app/Contents/Eclipse/plugins/com.st.stm32cube.ide.mcu.externaltools.gnu-tools-for-stm32.13.3.rel1.macos64_1.0.0.202411102158/tools/bin/../lib/gcc/arm-none-eabi/13.3.1/../../../../arm-none-eabi/lib/thumb/v7-m/nofp/libc_nano.a(libc_a-mlock.o)
                0x080080fc                __malloc_lock
 .text.__malloc_unlock
                0x08008108        0xc /Applications/STM32CubeIDE.app/Contents/Eclipse/plugins/com.st.stm32cube.ide.mcu.externaltools.gnu-tools-for-stm32.13.3.rel1.macos64_1.0.0.202411102158/tools/bin/../lib/gcc/arm-none-eabi/13.3.1/../../../../arm-none-eabi/lib/thumb/v7-m/nofp/libc_nano.a(libc_a-mlock.o)
                0x08008108                __malloc_unlock
 .text._Balloc  0x08008114       0x80 /Applications/STM32CubeIDE.app/Contents/Eclipse/plugins/com.st.stm32cube.ide.mcu.externaltools.gnu-tools-for-stm32.13.3.rel1.macos64_1.0.0.202411102158/tools/bin/../lib/gcc/arm-none-eabi/13.3.1/../../../../arm-none-eabi/lib/thumb/v7-m/nofp/libc_nano.a(libc_a-mprec.o)
                0x08008114                _Balloc
 .text._Bfree   0x08008194       0x44 /Applications/STM32CubeIDE.app/Contents/Eclipse/plugins/com.st.stm32cube.ide.mcu.externaltools.gnu-tools-for-stm32.13.3.rel1.macos64_1.0.0.202411102158/tools/bin/../lib/gcc/arm-none-eabi/13.3.1/../../../../arm-none-eabi/lib/thumb/v7-m/nofp/libc_nano.a(libc_a-mprec.o)
                0x08008194                _Bfree
 .text.__multadd
                0x080081d8       0x8c /Applications/STM32CubeIDE.app/Contents/Eclipse/plugins/com.st.stm32cube.ide.mcu.externaltools.gnu-tools-for-stm32.13.3.rel1.macos64_1.0.0.202411102158/tools/bin/../lib/gcc/arm-none-eabi/13.3.1/../../../../arm-none-eabi/lib/thumb/v7-m/nofp/libc_nano.a(libc_a-mprec.o)
                0x080081d8                __multadd
 .text.__hi0bits
                0x08008264       0x3e /Applications/STM32CubeIDE.app/Contents/Eclipse/plugins/com.st.stm32cube.ide.mcu.externaltools.gnu-tools-for-stm32.13.3.rel1.macos64_1.0.0.202411102158/tools/bin/../lib/gcc/arm-none-eabi/13.3.1/../../../../arm-none-eabi/lib/thumb/v7-m/nofp/libc_nano.a(libc_a-mprec.o)
                0x08008264                __hi0bits
 .text.__lo0bits
                0x080082a2       0x5a /Applications/STM32CubeIDE.app/Contents/Eclipse/plugins/com.st.stm32cube.ide.mcu.externaltools.gnu-tools-for-stm32.13.3.rel1.macos64_1.0.0.202411102158/tools/bin/../lib/gcc/arm-none-eabi/13.3.1/../../../../arm-none-eabi/lib/thumb/v7-m/nofp/libc_nano.a(libc_a-mprec.o)
                0x080082a2                __lo0bits
 .text.__i2b    0x080082fc       0x2c /Applications/STM32CubeIDE.app/Contents/Eclipse/plugins/com.st.stm32cube.ide.mcu.externaltools.gnu-tools-for-stm32.13.3.rel1.macos64_1.0.0.202411102158/tools/bin/../lib/gcc/arm-none-eabi/13.3.1/../../../../arm-none-eabi/lib/thumb/v7-m/nofp/libc_nano.a(libc_a-mprec.o)
                0x080082fc                __i2b
 .text.__multiply
                0x08008328      0x144 /Applications/STM32CubeIDE.app/Contents/Eclipse/plugins/com.st.stm32cube.ide.mcu.externaltools.gnu-tools-for-stm32.13.3.rel1.macos64_1.0.0.202411102158/tools/bin/../lib/gcc/arm-none-eabi/13.3.1/../../../../arm-none-eabi/lib/thumb/v7-m/nofp/libc_nano.a(libc_a-mprec.o)
                0x08008328                __multiply
 .text.__pow5mult
                0x0800846c       0xb4 /Applications/STM32CubeIDE.app/Contents/Eclipse/plugins/com.st.stm32cube.ide.mcu.externaltools.gnu-tools-for-stm32.13.3.rel1.macos64_1.0.0.202411102158/tools/bin/../lib/gcc/arm-none-eabi/13.3.1/../../../../arm-none-eabi/lib/thumb/v7-m/nofp/libc_nano.a(libc_a-mprec.o)
                0x0800846c                __pow5mult
 .text.__lshift
                0x08008520       0xd8 /Applications/STM32CubeIDE.app/Contents/Eclipse/plugins/com.st.stm32cube.ide.mcu.externaltools.gnu-tools-for-stm32.13.3.rel1.macos64_1.0.0.202411102158/tools/bin/../lib/gcc/arm-none-eabi/13.3.1/../../../../arm-none-eabi/lib/thumb/v7-m/nofp/libc_nano.a(libc_a-mprec.o)
                0x08008520                __lshift
 .text.__mcmp   0x080085f8       0x36 /Applications/STM32CubeIDE.app/Contents/Eclipse/plugins/com.st.stm32cube.ide.mcu.externaltools.gnu-tools-for-stm32.13.3.rel1.macos64_1.0.0.202411102158/tools/bin/../lib/gcc/arm-none-eabi/13.3.1/../../../../arm-none-eabi/lib/thumb/v7-m/nofp/libc_nano.a(libc_a-mprec.o)
                0x080085f8                __mcmp
 *fill*         0x0800862e        0x2 
 .text.__mdiff  0x08008630      0x128 /Applications/STM32CubeIDE.app/Contents/Eclipse/plugins/com.st.stm32cube.ide.mcu.externaltools.gnu-tools-for-stm32.13.3.rel1.macos64_1.0.0.202411102158/tools/bin/../lib/gcc/arm-none-eabi/13.3.1/../../../../arm-none-eabi/lib/thumb/v7-m/nofp/libc_nano.a(libc_a-mprec.o)
                0x08008630                __mdiff
 .text.__d2b    0x08008758       0xb0 /Applications/STM32CubeIDE.app/Contents/Eclipse/plugins/com.st.stm32cube.ide.mcu.externaltools.gnu-tools-for-stm32.13.3.rel1.macos64_1.0.0.202411102158/tools/bin/../lib/gcc/arm-none-eabi/13.3.1/../../../../arm-none-eabi/lib/thumb/v7-m/nofp/libc_nano.a(libc_a-mprec.o)
                0x08008758                __d2b
 .text.__sread  0x08008808       0x22 /Applications/STM32CubeIDE.app/Contents/Eclipse/plugins/com.st.stm32cube.ide.mcu.externaltools.gnu-tools-for-stm32.13.3.rel1.macos64_1.0.0.202411102158/tools/bin/../lib/gcc/arm-none-eabi/13.3.1/../../../../arm-none-eabi/lib/thumb/v7-m/nofp/libc_nano.a(libc_a-stdio.o)
                0x08008808                __sread
 .text.__swrite
                0x0800882a       0x38 /Applications/STM32CubeIDE.app/Contents/Eclipse/plugins/com.st.stm32cube.ide.mcu.externaltools.gnu-tools-for-stm32.13.3.rel1.macos64_1.0.0.202411102158/tools/bin/../lib/gcc/arm-none-eabi/13.3.1/../../../../arm-none-eabi/lib/thumb/v7-m/nofp/libc_nano.a(libc_a-stdio.o)
                0x0800882a                __swrite
 .text.__sseek  0x08008862       0x24 /Applications/STM32CubeIDE.app/Contents/Eclipse/plugins/com.st.stm32cube.ide.mcu.externaltools.gnu-tools-for-stm32.13.3.rel1.macos64_1.0.0.202411102158/tools/bin/../lib/gcc/arm-none-eabi/13.3.1/../../../../arm-none-eabi/lib/thumb/v7-m/nofp/libc_nano.a(libc_a-stdio.o)
                0x08008862                __sseek
 .text.__sclose
                0x08008886        0x8 /Applications/STM32CubeIDE.app/Contents/Eclipse/plugins/com.st.stm32cube.ide.mcu.externaltools.gnu-tools-for-stm32.13.3.rel1.macos64_1.0.0.202411102158/tools/bin/../lib/gcc/arm-none-eabi/13.3.1/../../../../arm-none-eabi/lib/thumb/v7-m/nofp/libc_nano.a(libc_a-stdio.o)
                0x08008886                __sclose
 .text._realloc_r
                0x0800888e       0x5c /Applications/STM32CubeIDE.app/Contents/Eclipse/plugins/com.st.stm32cube.ide.mcu.externaltools.gnu-tools-for-stm32.13.3.rel1.macos64_1.0.0.202411102158/tools/bin/../lib/gcc/arm-none-eabi/13.3.1/../../../../arm-none-eabi/lib/thumb/v7-m/nofp/libc_nano.a(libc_a-reallocr.o)
                0x0800888e                _realloc_r
 .text.memmove  0x080088ea       0x34 /Applications/STM32CubeIDE.app/Contents/Eclipse/plugins/com.st.stm32cube.ide.mcu.externaltools.gnu-tools-for-stm32.13.3.rel1.macos64_1.0.0.202411102158/tools/bin/../lib/gcc/arm-none-eabi/13.3.1/../../../../arm-none-eabi/lib/thumb/v7-m/nofp/libc_nano.a(libc_a-memmove.o)
                0x080088ea                memmove
 *fill*         0x0800891e        0x2 
 .text._lseek_r
                0x08008920       0x24 /Applications/STM32CubeIDE.app/Contents/Eclipse/plugins/com.st.stm32cube.ide.mcu.externaltools.gnu-tools-for-stm32.13.3.rel1.macos64_1.0.0.202411102158/tools/bin/../lib/gcc/arm-none-eabi/13.3.1/../../../../arm-none-eabi/lib/thumb/v7-m/nofp/libc_nano.a(libc_a-lseekr.o)
                0x08008920                _lseek_r
 .text._read_r  0x08008944       0x24 /Applications/STM32CubeIDE.app/Contents/Eclipse/plugins/com.st.stm32cube.ide.mcu.externaltools.gnu-tools-for-stm32.13.3.rel1.macos64_1.0.0.202411102158/tools/bin/../lib/gcc/arm-none-eabi/13.3.1/../../../../arm-none-eabi/lib/thumb/v7-m/nofp/libc_nano.a(libc_a-readr.o)
                0x08008944                _read_r
 .text._sbrk_r  0x08008968       0x20 /Applications/STM32CubeIDE.app/Contents/Eclipse/plugins/com.st.stm32cube.ide.mcu.externaltools.gnu-tools-for-stm32.13.3.rel1.macos64_1.0.0.202411102158/tools/bin/../lib/gcc/arm-none-eabi/13.3.1/../../../../arm-none-eabi/lib/thumb/v7-m/nofp/libc_nano.a(libc_a-sbrkr.o)
                0x08008968                _sbrk_r
 .text._write_r
                0x08008988       0x24 /Applications/STM32CubeIDE.app/Contents/Eclipse/plugins/com.st.stm32cube.ide.mcu.externaltools.gnu-tools-for-stm32.13.3.rel1.macos64_1.0.0.202411102158/tools/bin/../lib/gcc/arm-none-eabi/13.3.1/../../../../arm-none-eabi/lib/thumb/v7-m/nofp/libc_nano.a(libc_a-writer.o)
                0x08008988                _write_r
 .text._close_r
                0x080089ac       0x20 /Applications/STM32CubeIDE.app/Contents/Eclipse/plugins/com.st.stm32cube.ide.mcu.externaltools.gnu-tools-for-stm32.13.3.rel1.macos64_1.0.0.202411102158/tools/bin/../lib/gcc/arm-none-eabi/13.3.1/../../../../arm-none-eabi/lib/thumb/v7-m/nofp/libc_nano.a(libc_a-closer.o)
                0x080089ac                _close_r
 .text.__assert_func
                0x080089cc       0x3c /Applications/STM32CubeIDE.app/Contents/Eclipse/plugins/com.st.stm32cube.ide.mcu.externaltools.gnu-tools-for-stm32.13.3.rel1.macos64_1.0.0.202411102158/tools/bin/../lib/gcc/arm-none-eabi/13.3.1/../../../../arm-none-eabi/lib/thumb/v7-m/nofp/libc_nano.a(libc_a-assert.o)
                0x080089cc                __assert_func
 .text._calloc_r
                0x08008a08       0x28 /Applications/STM32CubeIDE.app/Contents/Eclipse/plugins/com.st.stm32cube.ide.mcu.externaltools.gnu-tools-for-stm32.13.3.rel1.macos64_1.0.0.202411102158/tools/bin/../lib/gcc/arm-none-eabi/13.3.1/../../../../arm-none-eabi/lib/thumb/v7-m/nofp/libc_nano.a(libc_a-callocr.o)
                0x08008a08                _calloc_r
 .text._free_r  0x08008a30       0x90 /Applications/STM32CubeIDE.app/Contents/Eclipse/plugins/com.st.stm32cube.ide.mcu.externaltools.gnu-tools-for-stm32.13.3.rel1.macos64_1.0.0.202411102158/tools/bin/../lib/gcc/arm-none-eabi/13.3.1/../../../../arm-none-eabi/lib/thumb/v7-m/nofp/libc_nano.a(libc_a-freer.o)
                0x08008a30                _free_r
 .text.__ascii_mbtowc
                0x08008ac0       0x24 /Applications/STM32CubeIDE.app/Contents/Eclipse/plugins/com.st.stm32cube.ide.mcu.externaltools.gnu-tools-for-stm32.13.3.rel1.macos64_1.0.0.202411102158/tools/bin/../lib/gcc/arm-none-eabi/13.3.1/../../../../arm-none-eabi/lib/thumb/v7-m/nofp/libc_nano.a(libc_a-mbtowc_r.o)
                0x08008ac0                __ascii_mbtowc
 .text._malloc_usable_size_r
                0x08008ae4       0x10 /Applications/STM32CubeIDE.app/Contents/Eclipse/plugins/com.st.stm32cube.ide.mcu.externaltools.gnu-tools-for-stm32.13.3.rel1.macos64_1.0.0.202411102158/tools/bin/../lib/gcc/arm-none-eabi/13.3.1/../../../../arm-none-eabi/lib/thumb/v7-m/nofp/libc_nano.a(libc_a-msizer.o)
                0x08008ae4                _malloc_usable_size_r
 .text.fprintf  0x08008af4       0x24 /Applications/STM32CubeIDE.app/Contents/Eclipse/plugins/com.st.stm32cube.ide.mcu.externaltools.gnu-tools-for-stm32.13.3.rel1.macos64_1.0.0.202411102158/tools/bin/../lib/gcc/arm-none-eabi/13.3.1/../../../../arm-none-eabi/lib/thumb/v7-m/nofp/libc_nano.a(libc_a-fprintf.o)
                0x08008af4                fprintf
                0x08008af4                fiprintf
 .text.__ascii_wctomb
                0x08008b18       0x1a /Applications/STM32CubeIDE.app/Contents/Eclipse/plugins/com.st.stm32cube.ide.mcu.externaltools.gnu-tools-for-stm32.13.3.rel1.macos64_1.0.0.202411102158/tools/bin/../lib/gcc/arm-none-eabi/13.3.1/../../../../arm-none-eabi/lib/thumb/v7-m/nofp/libc_nano.a(libc_a-wctomb_r.o)
                0x08008b18                __ascii_wctomb
 .text.abort    0x08008b32        0xe /Applications/STM32CubeIDE.app/Contents/Eclipse/plugins/com.st.stm32cube.ide.mcu.externaltools.gnu-tools-for-stm32.13.3.rel1.macos64_1.0.0.202411102158/tools/bin/../lib/gcc/arm-none-eabi/13.3.1/../../../../arm-none-eabi/lib/thumb/v7-m/nofp/libc_nano.a(libc_a-abort.o)
                0x08008b32                abort
 .text.__sfputc_r
                0x08008b40       0x2a /Applications/STM32CubeIDE.app/Contents/Eclipse/plugins/com.st.stm32cube.ide.mcu.externaltools.gnu-tools-for-stm32.13.3.rel1.macos64_1.0.0.202411102158/tools/bin/../lib/gcc/arm-none-eabi/13.3.1/../../../../arm-none-eabi/lib/thumb/v7-m/nofp/libc_nano.a(libc_a-nano-vfprintf.o)
 .text.__sfputs_r
                0x08008b6a       0x24 /Applications/STM32CubeIDE.app/Contents/Eclipse/plugins/com.st.stm32cube.ide.mcu.externaltools.gnu-tools-for-stm32.13.3.rel1.macos64_1.0.0.202411102158/tools/bin/../lib/gcc/arm-none-eabi/13.3.1/../../../../arm-none-eabi/lib/thumb/v7-m/nofp/libc_nano.a(libc_a-nano-vfprintf.o)
                0x08008b6a                __sfputs_r
 *fill*         0x08008b8e        0x2 
 .text._vfprintf_r
                0x08008b90      0x230 /Applications/STM32CubeIDE.app/Contents/Eclipse/plugins/com.st.stm32cube.ide.mcu.externaltools.gnu-tools-for-stm32.13.3.rel1.macos64_1.0.0.202411102158/tools/bin/../lib/gcc/arm-none-eabi/13.3.1/../../../../arm-none-eabi/lib/thumb/v7-m/nofp/libc_nano.a(libc_a-nano-vfprintf.o)
                0x08008b90                _vfprintf_r
                0x08008b90                _vfiprintf_r
 .text.__swbuf_r
                0x08008dc0       0x7c /Applications/STM32CubeIDE.app/Contents/Eclipse/plugins/com.st.stm32cube.ide.mcu.externaltools.gnu-tools-for-stm32.13.3.rel1.macos64_1.0.0.202411102158/tools/bin/../lib/gcc/arm-none-eabi/13.3.1/../../../../arm-none-eabi/lib/thumb/v7-m/nofp/libc_nano.a(libc_a-wbuf.o)
                0x08008dc0                __swbuf_r
 .text.__swsetup_r
                0x08008e3c       0xac /Applications/STM32CubeIDE.app/Contents/Eclipse/plugins/com.st.stm32cube.ide.mcu.externaltools.gnu-tools-for-stm32.13.3.rel1.macos64_1.0.0.202411102158/tools/bin/../lib/gcc/arm-none-eabi/13.3.1/../../../../arm-none-eabi/lib/thumb/v7-m/nofp/libc_nano.a(libc_a-wsetup.o)
                0x08008e3c                __swsetup_r
 .text.__swhatbuf_r
                0x08008ee8       0x4a /Applications/STM32CubeIDE.app/Contents/Eclipse/plugins/com.st.stm32cube.ide.mcu.externaltools.gnu-tools-for-stm32.13.3.rel1.macos64_1.0.0.202411102158/tools/bin/../lib/gcc/arm-none-eabi/13.3.1/../../../../arm-none-eabi/lib/thumb/v7-m/nofp/libc_nano.a(libc_a-makebuf.o)
                0x08008ee8                __swhatbuf_r
 .text.__smakebuf_r
                0x08008f32       0x78 /Applications/STM32CubeIDE.app/Contents/Eclipse/plugins/com.st.stm32cube.ide.mcu.externaltools.gnu-tools-for-stm32.13.3.rel1.macos64_1.0.0.202411102158/tools/bin/../lib/gcc/arm-none-eabi/13.3.1/../../../../arm-none-eabi/lib/thumb/v7-m/nofp/libc_nano.a(libc_a-makebuf.o)
                0x08008f32                __smakebuf_r
 .text._raise_r
                0x08008faa       0x50 /Applications/STM32CubeIDE.app/Contents/Eclipse/plugins/com.st.stm32cube.ide.mcu.externaltools.gnu-tools-for-stm32.13.3.rel1.macos64_1.0.0.202411102158/tools/bin/../lib/gcc/arm-none-eabi/13.3.1/../../../../arm-none-eabi/lib/thumb/v7-m/nofp/libc_nano.a(libc_a-signal.o)
                0x08008faa                _raise_r
 *fill*         0x08008ffa        0x2 
 .text.raise    0x08008ffc       0x10 /Applications/STM32CubeIDE.app/Contents/Eclipse/plugins/com.st.stm32cube.ide.mcu.externaltools.gnu-tools-for-stm32.13.3.rel1.macos64_1.0.0.202411102158/tools/bin/../lib/gcc/arm-none-eabi/13.3.1/../../../../arm-none-eabi/lib/thumb/v7-m/nofp/libc_nano.a(libc_a-signal.o)
                0x08008ffc                raise
 .text._isatty_r
                0x0800900c       0x20 /Applications/STM32CubeIDE.app/Contents/Eclipse/plugins/com.st.stm32cube.ide.mcu.externaltools.gnu-tools-for-stm32.13.3.rel1.macos64_1.0.0.202411102158/tools/bin/../lib/gcc/arm-none-eabi/13.3.1/../../../../arm-none-eabi/lib/thumb/v7-m/nofp/libc_nano.a(libc_a-isattyr.o)
                0x0800900c                _isatty_r
 .text._kill_r  0x0800902c       0x24 /Applications/STM32CubeIDE.app/Contents/Eclipse/plugins/com.st.stm32cube.ide.mcu.externaltools.gnu-tools-for-stm32.13.3.rel1.macos64_1.0.0.202411102158/tools/bin/../lib/gcc/arm-none-eabi/13.3.1/../../../../arm-none-eabi/lib/thumb/v7-m/nofp/libc_nano.a(libc_a-signalr.o)
                0x0800902c                _kill_r
 .text._getpid_r
                0x08009050        0x4 /Applications/STM32CubeIDE.app/Contents/Eclipse/plugins/com.st.stm32cube.ide.mcu.externaltools.gnu-tools-for-stm32.13.3.rel1.macos64_1.0.0.202411102158/tools/bin/../lib/gcc/arm-none-eabi/13.3.1/../../../../arm-none-eabi/lib/thumb/v7-m/nofp/libc_nano.a(libc_a-signalr.o)
                0x08009050                _getpid_r
 .text._fstat_r
                0x08009054       0x24 /Applications/STM32CubeIDE.app/Contents/Eclipse/plugins/com.st.stm32cube.ide.mcu.externaltools.gnu-tools-for-stm32.13.3.rel1.macos64_1.0.0.202411102158/tools/bin/../lib/gcc/arm-none-eabi/13.3.1/../../../../arm-none-eabi/lib/thumb/v7-m/nofp/libc_nano.a(libc_a-fstatr.o)
                0x08009054                _fstat_r
 *(.glue_7)
 .glue_7        0x08009078        0x0 linker stubs
 *(.glue_7t)
 .glue_7t       0x08009078        0x0 linker stubs
 *(.eh_frame)
 .eh_frame      0x08009078        0x0 /Applications/STM32CubeIDE.app/Contents/Eclipse/plugins/com.st.stm32cube.ide.mcu.externaltools.gnu-tools-for-stm32.13.3.rel1.macos64_1.0.0.202411102158/tools/bin/../lib/gcc/arm-none-eabi/13.3.1/thumb/v7-m/nofp/crtbegin.o
 *(.init)
 .init          0x08009078        0x4 /Applications/STM32CubeIDE.app/Contents/Eclipse/plugins/com.st.stm32cube.ide.mcu.externaltools.gnu-tools-for-stm32.13.3.rel1.macos64_1.0.0.202411102158/tools/bin/../lib/gcc/arm-none-eabi/13.3.1/thumb/v7-m/nofp/crti.o
                0x08009078                _init
 .init          0x0800907c        0x8 /Applications/STM32CubeIDE.app/Contents/Eclipse/plugins/com.st.stm32cube.ide.mcu.externaltools.gnu-tools-for-stm32.13.3.rel1.macos64_1.0.0.202411102158/tools/bin/../lib/gcc/arm-none-eabi/13.3.1/thumb/v7-m/nofp/crtn.o
 *(.fini)
 .fini          0x08009084        0x4 /Applications/STM32CubeIDE.app/Contents/Eclipse/plugins/com.st.stm32cube.ide.mcu.externaltools.gnu-tools-for-stm32.13.3.rel1.macos64_1.0.0.202411102158/tools/bin/../lib/gcc/arm-none-eabi/13.3.1/thumb/v7-m/nofp/crti.o
                0x08009084                _fini
 .fini          0x08009088        0x8 /Applications/STM32CubeIDE.app/Contents/Eclipse/plugins/com.st.stm32cube.ide.mcu.externaltools.gnu-tools-for-stm32.13.3.rel1.macos64_1.0.0.202411102158/tools/bin/../lib/gcc/arm-none-eabi/13.3.1/thumb/v7-m/nofp/crtn.o
                0x08009090                        . = ALIGN (0x4)
                0x08009090                        _etext = .

.vfp11_veneer   0x08009090        0x0
 .vfp11_veneer  0x08009090        0x0 linker stubs

.v4_bx          0x08009090        0x0
 .v4_bx         0x08009090        0x0 linker stubs

.iplt           0x08009090        0x0
 .iplt          0x08009090        0x0 /Applications/STM32CubeIDE.app/Contents/Eclipse/plugins/com.st.stm32cube.ide.mcu.externaltools.gnu-tools-for-stm32.13.3.rel1.macos64_1.0.0.202411102158/tools/bin/../lib/gcc/arm-none-eabi/13.3.1/thumb/v7-m/nofp/crtbegin.o

.rodata         0x08009090     0x288c
                0x08009090                        . = ALIGN (0x4)
 *(.rodata)
 .rodata        0x08009090       0x10 ./Core/Src/lcd_16XX.o
 *(.rodata*)
 .rodata.SIMCom_HandShake.str1.1
                0x080090a0      0x670 ./Core/Src/SIMCOM.o
                                  0x7 (size before relaxing)
 .rodata.SIM_CheckResponse.str1.1
                0x08009710       0x15 ./Core/Src/SIMCOM.o
 .rodata.SIMCom_Post.str1.1
                0x08009710       0x2e ./Core/Src/SIMCOM.o
 .rodata.SIMCom_Get.str1.1
                0x08009710       0x32 ./Core/Src/SIMCOM.o
 .rodata.str1.1
                0x08009710      0x137 ./Core/Src/SIMCOM.o
 .rodata.UI_16XX.str1.1
                0x08009710        0xd ./Core/Src/UI.o
 .rodata.UI_12864.str1.1
                0x08009710        0xf ./Core/Src/UI.o
 .rodata.str1.1
                0x08009710      0x274 ./Core/Src/UI.o
 .rodata.logoBuffer
                0x08009710      0x200 ./Core/Src/lcd_12864.o
                0x08009710                logoBuffer
 .rodata.LOG.str1.1
                0x08009910        0x2 ./Core/Src/main.o
 .rodata.main.str1.1
                0x08009910       0xaf ./Core/Src/main.o
 .rodata.str1.1
                0x08009910       0x35 ./Core/Src/main.o
 .rodata.APBPrescTable
                0x08009910        0x8 ./Core/Src/system_stm32f1xx.o
                0x08009910                APBPrescTable
 .rodata.AHBPrescTable
                0x08009918       0x10 ./Core/Src/system_stm32f1xx.o
                0x08009918                AHBPrescTable
 .rodata.aPredivFactorTable.0
                0x08009928        0x2 ./Drivers/STM32F1xx_HAL_Driver/Src/stm32f1xx_hal_rcc.o
 .rodata.aPLLMULFactorTable.1
                0x0800992a       0x10 ./Drivers/STM32F1xx_HAL_Driver/Src/stm32f1xx_hal_rcc.o
 .rodata.aPredivFactorTable.0
                0x0800993a        0x2 ./Drivers/STM32F1xx_HAL_Driver/Src/stm32f1xx_hal_rcc_ex.o
 .rodata.aPLLMULFactorTable.1
                0x0800993c       0x10 ./Drivers/STM32F1xx_HAL_Driver/Src/stm32f1xx_hal_rcc_ex.o
 .rodata.u8g2_font_ncenB18_tr
                0x0800994c      0xab4 ./Drivers/csrc/u8g2_fonts.o
                0x0800994c                u8g2_font_ncenB18_tr
 .rodata.u8g2_font_ncenB14_tr
                0x0800a400      0x828 ./Drivers/csrc/u8g2_fonts.o
                0x0800a400                u8g2_font_ncenB14_tr
 .rodata.u8g2_font_ncenB10_tr
                0x0800ac28      0x617 ./Drivers/csrc/u8g2_fonts.o
                0x0800ac28                u8g2_font_ncenB10_tr
 .rodata.u8g2_font_ncenB08_tr
                0x0800b23f      0x48e ./Drivers/csrc/u8g2_fonts.o
                0x0800b23f                u8g2_font_ncenB08_tr
 *fill*         0x0800b6cd        0x3 
 .rodata.u8g2_cb_r2
                0x0800b6d0        0xc ./Drivers/csrc/u8g2_setup.o
                0x0800b6d0                u8g2_cb_r2
 .rodata.u8x8_st7920_128x64_display_info
                0x0800b6dc       0x18 ./Drivers/csrc/u8x8_d_st7920.o
 .rodata.u8x8_d_st7920_powersave1_seq
                0x0800b6f4        0xb ./Drivers/csrc/u8x8_d_st7920.o
 .rodata.u8x8_d_st7920_powersave0_seq
                0x0800b6ff        0x7 ./Drivers/csrc/u8x8_d_st7920.o
 .rodata.u8x8_d_st7920_init_seq
                0x0800b706       0x13 ./Drivers/csrc/u8x8_d_st7920.o
 .rodata._printf_float.str1.1
                0x0800b719       0x12 /Applications/STM32CubeIDE.app/Contents/Eclipse/plugins/com.st.stm32cube.ide.mcu.externaltools.gnu-tools-for-stm32.13.3.rel1.macos64_1.0.0.202411102158/tools/bin/../lib/gcc/arm-none-eabi/13.3.1/../../../../arm-none-eabi/lib/thumb/v7-m/nofp/libc_nano.a(libc_a-nano-vfprintf_float.o)
 .rodata._printf_i.str1.1
                0x0800b719       0x22 /Applications/STM32CubeIDE.app/Contents/Eclipse/plugins/com.st.stm32cube.ide.mcu.externaltools.gnu-tools-for-stm32.13.3.rel1.macos64_1.0.0.202411102158/tools/bin/../lib/gcc/arm-none-eabi/13.3.1/../../../../arm-none-eabi/lib/thumb/v7-m/nofp/libc_nano.a(libc_a-nano-vfprintf_i.o)
 .rodata._dtoa_r.str1.1
                0x0800b719       0x8f /Applications/STM32CubeIDE.app/Contents/Eclipse/plugins/com.st.stm32cube.ide.mcu.externaltools.gnu-tools-for-stm32.13.3.rel1.macos64_1.0.0.202411102158/tools/bin/../lib/gcc/arm-none-eabi/13.3.1/../../../../arm-none-eabi/lib/thumb/v7-m/nofp/libc_nano.a(libc_a-dtoa.o)
 .rodata._svfprintf_r.str1.1
                0x0800b719       0x11 /Applications/STM32CubeIDE.app/Contents/Eclipse/plugins/com.st.stm32cube.ide.mcu.externaltools.gnu-tools-for-stm32.13.3.rel1.macos64_1.0.0.202411102158/tools/bin/../lib/gcc/arm-none-eabi/13.3.1/../../../../arm-none-eabi/lib/thumb/v7-m/nofp/libc_nano.a(libc_a-nano-svfprintf.o)
 .rodata._Balloc.str1.1
                0x0800b719       0x70 /Applications/STM32CubeIDE.app/Contents/Eclipse/plugins/com.st.stm32cube.ide.mcu.externaltools.gnu-tools-for-stm32.13.3.rel1.macos64_1.0.0.202411102158/tools/bin/../lib/gcc/arm-none-eabi/13.3.1/../../../../arm-none-eabi/lib/thumb/v7-m/nofp/libc_nano.a(libc_a-mprec.o)
 .rodata.__multadd.str1.1
                0x0800b719       0x11 /Applications/STM32CubeIDE.app/Contents/Eclipse/plugins/com.st.stm32cube.ide.mcu.externaltools.gnu-tools-for-stm32.13.3.rel1.macos64_1.0.0.202411102158/tools/bin/../lib/gcc/arm-none-eabi/13.3.1/../../../../arm-none-eabi/lib/thumb/v7-m/nofp/libc_nano.a(libc_a-mprec.o)
 *fill*         0x0800b719        0x3 
 .rodata.p05.0  0x0800b71c        0xc /Applications/STM32CubeIDE.app/Contents/Eclipse/plugins/com.st.stm32cube.ide.mcu.externaltools.gnu-tools-for-stm32.13.3.rel1.macos64_1.0.0.202411102158/tools/bin/../lib/gcc/arm-none-eabi/13.3.1/../../../../arm-none-eabi/lib/thumb/v7-m/nofp/libc_nano.a(libc_a-mprec.o)
 .rodata.__mprec_bigtens
                0x0800b728       0x28 /Applications/STM32CubeIDE.app/Contents/Eclipse/plugins/com.st.stm32cube.ide.mcu.externaltools.gnu-tools-for-stm32.13.3.rel1.macos64_1.0.0.202411102158/tools/bin/../lib/gcc/arm-none-eabi/13.3.1/../../../../arm-none-eabi/lib/thumb/v7-m/nofp/libc_nano.a(libc_a-mprec.o)
                0x0800b728                __mprec_bigtens
 .rodata.__mprec_tens
                0x0800b750       0xc8 /Applications/STM32CubeIDE.app/Contents/Eclipse/plugins/com.st.stm32cube.ide.mcu.externaltools.gnu-tools-for-stm32.13.3.rel1.macos64_1.0.0.202411102158/tools/bin/../lib/gcc/arm-none-eabi/13.3.1/../../../../arm-none-eabi/lib/thumb/v7-m/nofp/libc_nano.a(libc_a-mprec.o)
                0x0800b750                __mprec_tens
 .rodata._setlocale_r.str1.1
                0x0800b818        0x9 /Applications/STM32CubeIDE.app/Contents/Eclipse/plugins/com.st.stm32cube.ide.mcu.externaltools.gnu-tools-for-stm32.13.3.rel1.macos64_1.0.0.202411102158/tools/bin/../lib/gcc/arm-none-eabi/13.3.1/../../../../arm-none-eabi/lib/thumb/v7-m/nofp/libc_nano.a(libc_a-locale.o)
 .rodata.str1.1
                0x0800b818        0x2 /Applications/STM32CubeIDE.app/Contents/Eclipse/plugins/com.st.stm32cube.ide.mcu.externaltools.gnu-tools-for-stm32.13.3.rel1.macos64_1.0.0.202411102158/tools/bin/../lib/gcc/arm-none-eabi/13.3.1/../../../../arm-none-eabi/lib/thumb/v7-m/nofp/libc_nano.a(libc_a-locale.o)
 .rodata._ctype_
                0x0800b818      0x101 /Applications/STM32CubeIDE.app/Contents/Eclipse/plugins/com.st.stm32cube.ide.mcu.externaltools.gnu-tools-for-stm32.13.3.rel1.macos64_1.0.0.202411102158/tools/bin/../lib/gcc/arm-none-eabi/13.3.1/../../../../arm-none-eabi/lib/thumb/v7-m/nofp/libc_nano.a(libc_a-ctype_.o)
                0x0800b818                _ctype_
 .rodata.__assert_func.str1.1
                0x0800b919       0x3d /Applications/STM32CubeIDE.app/Contents/Eclipse/plugins/com.st.stm32cube.ide.mcu.externaltools.gnu-tools-for-stm32.13.3.rel1.macos64_1.0.0.202411102158/tools/bin/../lib/gcc/arm-none-eabi/13.3.1/../../../../arm-none-eabi/lib/thumb/v7-m/nofp/libc_nano.a(libc_a-assert.o)
 .rodata._vfprintf_r.str1.1
                0x0800b919       0x11 /Applications/STM32CubeIDE.app/Contents/Eclipse/plugins/com.st.stm32cube.ide.mcu.externaltools.gnu-tools-for-stm32.13.3.rel1.macos64_1.0.0.202411102158/tools/bin/../lib/gcc/arm-none-eabi/13.3.1/../../../../arm-none-eabi/lib/thumb/v7-m/nofp/libc_nano.a(libc_a-nano-vfprintf.o)
                0x0800b958                        . = ALIGN (0x4)
 *fill*         0x0800b919        0x3 

.ARM.extab      0x0800b91c        0x0
                0x0800b91c                        . = ALIGN (0x4)
 *(.ARM.extab* .gnu.linkonce.armextab.*)
                0x0800b91c                        . = ALIGN (0x4)

.ARM            0x0800b91c        0x8
                0x0800b91c                        . = ALIGN (0x4)
                0x0800b91c                        __exidx_start = .
 *(.ARM.exidx*)
 .ARM.exidx     0x0800b91c        0x8 /Applications/STM32CubeIDE.app/Contents/Eclipse/plugins/com.st.stm32cube.ide.mcu.externaltools.gnu-tools-for-stm32.13.3.rel1.macos64_1.0.0.202411102158/tools/bin/../lib/gcc/arm-none-eabi/13.3.1/../../../../arm-none-eabi/lib/thumb/v7-m/nofp/libc_nano.a(libc_a-strlen.o)
                0x0800b924                        __exidx_end = .
                0x0800b924                        . = ALIGN (0x4)

.preinit_array  0x0800b924        0x0
                0x0800b924                        . = ALIGN (0x4)
                0x0800b924                        PROVIDE (__preinit_array_start = .)
 *(.preinit_array*)
                0x0800b924                        PROVIDE (__preinit_array_end = .)
                0x0800b924                        . = ALIGN (0x4)

.init_array     0x0800b924        0x4
                0x0800b924                        . = ALIGN (0x4)
                0x0800b924                        PROVIDE (__init_array_start = .)
 *(SORT_BY_NAME(.init_array.*))
 *(.init_array*)
 .init_array    0x0800b924        0x4 /Applications/STM32CubeIDE.app/Contents/Eclipse/plugins/com.st.stm32cube.ide.mcu.externaltools.gnu-tools-for-stm32.13.3.rel1.macos64_1.0.0.202411102158/tools/bin/../lib/gcc/arm-none-eabi/13.3.1/thumb/v7-m/nofp/crtbegin.o
                0x0800b928                        PROVIDE (__init_array_end = .)
                0x0800b928                        . = ALIGN (0x4)

.fini_array     0x0800b928        0x4
                0x0800b928                        . = ALIGN (0x4)
                [!provide]                        PROVIDE (__fini_array_start = .)
 *(SORT_BY_NAME(.fini_array.*))
 *(.fini_array*)
 .fini_array    0x0800b928        0x4 /Applications/STM32CubeIDE.app/Contents/Eclipse/plugins/com.st.stm32cube.ide.mcu.externaltools.gnu-tools-for-stm32.13.3.rel1.macos64_1.0.0.202411102158/tools/bin/../lib/gcc/arm-none-eabi/13.3.1/thumb/v7-m/nofp/crtbegin.o
                [!provide]                        PROVIDE (__fini_array_end = .)
                0x0800b92c                        . = ALIGN (0x4)
                0x0800b92c                        _sidata = LOADADDR (.data)

.rel.dyn        0x0800b92c        0x0
 .rel.iplt      0x0800b92c        0x0 /Applications/STM32CubeIDE.app/Contents/Eclipse/plugins/com.st.stm32cube.ide.mcu.externaltools.gnu-tools-for-stm32.13.3.rel1.macos64_1.0.0.202411102158/tools/bin/../lib/gcc/arm-none-eabi/13.3.1/thumb/v7-m/nofp/crtbegin.o

.data           0x20000000      0x294 load address 0x0800b92c
                0x20000000                        . = ALIGN (0x4)
                0x20000000                        _sdata = .
 *(.data)
 *(.data*)
 .data.PRE_STATE
                0x20000000        0x1 ./Core/Src/SIMCOM.o
 .data.STATE    0x20000001        0x1 ./Core/Src/SIMCOM.o
 *fill*         0x20000002        0x2 
 .data.messeage
                0x20000004       0x34 ./Core/Src/SIMCOM.o